Archive member included to satisfy reference by file (symbol)

/opt/devkitpro/libctru/lib/libcitro2d.a(base.o)
                              main.o (C2D_Init)
/opt/devkitpro/libctru/lib/libcitro2d.a(render2d.shbin.o)
                              /opt/devkitpro/libctru/lib/libcitro2d.a(base.o) (render2d_shbin)
/opt/devkitpro/libctru/lib/libcitro3d.a(base.o)
                              main.o (C3D_Init)
/opt/devkitpro/libctru/lib/libcitro3d.a(renderqueue.o)
                              /opt/devkitpro/libctru/lib/libcitro3d.a(base.o) (C3Di_RenderQueueEnableVBlank)
/opt/devkitpro/libctru/lib/libcitro3d.a(texture.o)
                              /opt/devkitpro/libctru/lib/libcitro2d.a(base.o) (C3D_TexBind)
/opt/devkitpro/libctru/lib/libcitro3d.a(framebuffer.o)
                              /opt/devkitpro/libctru/lib/libcitro3d.a(renderqueue.o) (C3D_CalcColorBufSize)
/opt/devkitpro/libctru/lib/libcitro3d.a(texenv.o)
                              /opt/devkitpro/libctru/lib/libcitro2d.a(base.o) (C3D_GetTexEnv)
/opt/devkitpro/libctru/lib/libcitro3d.a(proctex.o)
                              /opt/devkitpro/libctru/lib/libcitro2d.a(base.o) (C3D_ProcTexInit)
/opt/devkitpro/libctru/lib/libcitro3d.a(buffers.o)
                              /opt/devkitpro/libctru/lib/libcitro2d.a(base.o) (BufInfo_Init)
/opt/devkitpro/libctru/lib/libcitro3d.a(drawArrays.o)
                              /opt/devkitpro/libctru/lib/libcitro2d.a(base.o) (C3D_DrawArrays)
/opt/devkitpro/libctru/lib/libcitro3d.a(effect.o)
                              /opt/devkitpro/libctru/lib/libcitro3d.a(base.o) (C3D_DepthMap)
/opt/devkitpro/libctru/lib/libcitro3d.a(attribs.o)
                              /opt/devkitpro/libctru/lib/libcitro2d.a(base.o) (AttrInfo_Init)
/opt/devkitpro/libctru/lib/libcitro3d.a(immediate.o)
                              /opt/devkitpro/libctru/lib/libcitro3d.a(base.o) (C3D_ImmSendAttrib)
/opt/devkitpro/libctru/lib/libcitro3d.a(uniforms.o)
                              /opt/devkitpro/libctru/lib/libcitro3d.a(base.o) (C3D_UpdateUniforms)
/opt/devkitpro/libctru/lib/libcitro3d.a(mtx_ortho.o)
                              /opt/devkitpro/libctru/lib/libcitro2d.a(base.o) (Mtx_Ortho)
/opt/devkitpro/libctru/lib/libcitro3d.a(mtx_scale.o)
                              /opt/devkitpro/libctru/lib/libcitro2d.a(base.o) (Mtx_Scale)
/opt/devkitpro/libctru/lib/libcitro3d.a(mtx_multiply.o)
                              /opt/devkitpro/libctru/lib/libcitro2d.a(base.o) (Mtx_Multiply)
/opt/devkitpro/libctru/lib/libcitro3d.a(mtx_orthotilt.o)
                              /opt/devkitpro/libctru/lib/libcitro2d.a(base.o) (Mtx_OrthoTilt)
/opt/devkitpro/libctru/lib/libcitro3d.a(mtx_translate.o)
                              /opt/devkitpro/libctru/lib/libcitro2d.a(base.o) (Mtx_Translate)
/opt/devkitpro/libctru/lib/libcitro3d.a(mtx_rotatez.o)
                              /opt/devkitpro/libctru/lib/libcitro2d.a(base.o) (Mtx_RotateZ)
/opt/devkitpro/libctru/lib/libctru.a(vram.o)
                              /opt/devkitpro/libctru/lib/libcitro3d.a(renderqueue.o) (vramAlloc)
/opt/devkitpro/libctru/lib/libctru.a(linear.o)
                              /opt/devkitpro/libctru/lib/libcitro2d.a(base.o) (linearAlloc)
/opt/devkitpro/libctru/lib/libctru.a(mem_pool.o)
                              /opt/devkitpro/libctru/lib/libctru.a(vram.o) (MemPool::Allocate(MemChunk&, unsigned long, int))
/opt/devkitpro/libctru/lib/libctru.a(romfs_dev.o)
                              main.o (romfsMountSelf)
/opt/devkitpro/libctru/lib/libctru.a(os.o)
                              /opt/devkitpro/libctru/lib/libcitro3d.a(texture.o) (osConvertVirtToPhys)
/opt/devkitpro/libctru/lib/libctru.a(path_buf.o)
                              /opt/devkitpro/libctru/lib/libctru.a(romfs_dev.o) (__ctru_dev_utf16_buf)
/opt/devkitpro/libctru/lib/libctru.a(gfx.o)
                              /opt/devkitpro/libctru/lib/libcitro2d.a(base.o) (gfxIsWide)
/opt/devkitpro/libctru/lib/libctru.a(shaderProgram.o)
                              /opt/devkitpro/libctru/lib/libcitro2d.a(base.o) (shaderInstanceGetUniformLocation)
/opt/devkitpro/libctru/lib/libctru.a(shbin.o)
                              /opt/devkitpro/libctru/lib/libcitro2d.a(base.o) (DVLB_ParseFile)
/opt/devkitpro/libctru/lib/libctru.a(gx.o)
                              /opt/devkitpro/libctru/lib/libcitro3d.a(renderqueue.o) (GX_BindQueue)
/opt/devkitpro/libctru/lib/libctru.a(gxqueue.o)
                              /opt/devkitpro/libctru/lib/libcitro3d.a(renderqueue.o) (gxCmdQueueClear)
/opt/devkitpro/libctru/lib/libctru.a(gpu.o)
                              /opt/devkitpro/libctru/lib/libcitro3d.a(base.o) (GPUCMD_Add)
/opt/devkitpro/libctru/lib/libctru.a(gspgpu.o)
                              /opt/devkitpro/libctru/lib/libctru.a(gfx.o) (gspInit)
/opt/devkitpro/libctru/lib/libctru.a(apt.o)
                              /opt/devkitpro/libctru/lib/libcitro3d.a(base.o) (aptHook)
/opt/devkitpro/libctru/lib/libctru.a(hid.o)
[...]
Memory Configuration

Name             Origin             Length             Attributes
*default*        0x0000000000000000 0xffffffffffffffff

Linker script and memory map

                0x0000000000100000                PROVIDE (__start__ = 0x100000)
                0x0000000000100000                . = __start__

.text           0x0000000000100000    0x13870
 *(.crt0)
 .crt0          0x0000000000100000       0x94 /opt/devkitpro/devkitARM/bin/../lib/gcc/arm-none-eabi/10.2.0/../../../../arm-none-eabi/lib/armv6k/fpu/3dsx_crt0.o
                0x0000000000100000                _start
                0x0000000000100008                __service_ptr
                0x000000000010000c                __apt_appid
                0x0000000000100010                __heap_size
                0x0000000000100014                __linear_heap_size
                0x0000000000100018                __system_arglist
                0x000000000010001c                __system_runflags
 *(.init)
 .init          0x0000000000100094        0xc /opt/devkitpro/devkitARM/bin/../lib/gcc/arm-none-eabi/10.2.0/armv6k/fpu/crti.o
                0x0000000000100094                _init
 .init          0x00000000001000a0        0xc /opt/devkitpro/devkitARM/bin/../lib/gcc/arm-none-eabi/10.2.0/armv6k/fpu/crtn.o
                0x00000000001000ac                . = ALIGN (0x4)
 *(.text)
 .text          0x00000000001000ac      0x20c /opt/devkitpro/devkitARM/bin/../lib/gcc/arm-none-eabi/10.2.0/armv6k/fpu/libgcc.a(_udivsi3.o)
                0x00000000001000ac                __udivsi3
                0x00000000001000ac                __aeabi_uidiv
                0x0000000000100298                __aeabi_uidivmod
 .text          0x00000000001002b8      0x240 /opt/devkitpro/devkitARM/bin/../lib/gcc/arm-none-eabi/10.2.0/armv6k/fpu/libgcc.a(_divsi3.o)
                0x00000000001002b8                __aeabi_idiv
                0x00000000001002b8                __divsi3
                0x00000000001004d8                __aeabi_idivmod
 .text          0x00000000001004f8        0x4 /opt/devkitpro/devkitARM/bin/../lib/gcc/arm-none-eabi/10.2.0/armv6k/fpu/libgcc.a(_dvmd_tls.o)
                0x00000000001004f8                __aeabi_ldiv0
                0x00000000001004f8                __aeabi_idiv0
 .text          0x00000000001004fc       0xd4 /opt/devkitpro/devkitARM/bin/../lib/gcc/arm-none-eabi/10.2.0/armv6k/fpu/libgcc.a(_aeabi_ldivmod.o)
                0x00000000001004fc                __aeabi_ldivmod
 *fill*         0x00000000001005d0       0x10 
 .text          0x00000000001005e0      0x390 /opt/devkitpro/devkitARM/bin/../lib/gcc/arm-none-eabi/10.2.0/../../../../arm-none-eabi/lib/armv6k/fpu/libg.a(lib_a-strcmp.o)
                0x00000000001005e8                strcmp
 *(.text.*)
 .text.__do_global_dtors_aux
                0x0000000000100970       0x40 /opt/devkitpro/devkitARM/bin/../lib/gcc/arm-none-eabi/10.2.0/armv6k/fpu/crtbegin.o
 .text.frame_dummy
                0x00000000001009b0       0x2c /opt/devkitpro/devkitARM/bin/../lib/gcc/arm-none-eabi/10.2.0/armv6k/fpu/crtbegin.o
 .text.newEmptyGrid
                0x00000000001009dc       0x68 grid.o
                0x00000000001009dc                newEmptyGrid
 .text.fillGridRandom
                0x0000000000100a44       0x7c grid.o
                0x0000000000100a44                fillGridRandom
 .text.destroyGrid
                0x0000000000100ac0       0x1c grid.o
                0x0000000000100ac0                destroyGrid
 .text.checkNeighbours
                0x0000000000100adc      0x1c8 grid.o
                0x0000000000100adc                checkNeighbours
 .text.updateCell
                0x0000000000100ca4       0x34 grid.o
                0x0000000000100ca4                updateCell
 .text.drawGrid
                0x0000000000100cd8       0xd8 grid.o
                0x0000000000100cd8                drawGrid
 .text.getTitle
                0x0000000000100db0       0x40 main.o
                0x0000000000100db0                getTitle
 .text.updateGrid
                0x0000000000100df0       0x68 main.o
                0x0000000000100df0                updateGrid
 .text.startup.main
                0x0000000000100e58      0x2b4 main.o
                0x0000000000100e58                main
 .text.C2Di_FrameEndHook
                0x000000000010110c       0x34 /opt/devkitpro/libctru/lib/libcitro2d.a(base.o)
 .text.C2D_Init
                0x0000000000101140      0x330 /opt/devkitpro/libctru/lib/libcitro2d.a(base.o)
                0x0000000000101140                C2D_Init
 .text.C2D_Fini
                0x0000000000101470       0x44 /opt/devkitpro/libctru/lib/libcitro2d.a(base.o)
                0x0000000000101470                C2D_Fini
 .text.C2D_Prepare
                0x00000000001014b4       0xd0 /opt/devkitpro/libctru/lib/libcitro2d.a(base.o)
                0x00000000001014b4                C2D_Prepare
 .text.C2D_Flush
                0x0000000000101584       0x3c /opt/devkitpro/libctru/lib/libcitro2d.a(base.o)
                0x0000000000101584                C2D_Flush
 .text.C2D_SceneSize
                0x00000000001015c0      0x108 /opt/devkitpro/libctru/lib/libcitro2d.a(base.o)
                0x00000000001015c0                C2D_SceneSize
 .text.C2D_CreateScreenTarget
                0x00000000001016c8       0x58 /opt/devkitpro/libctru/lib/libcitro2d.a(base.o)
                0x00000000001016c8                C2D_CreateScreenTarget
 .text.C2D_TargetClear
                0x0000000000101720       0x58 /opt/devkitpro/libctru/lib/libcitro2d.a(base.o)
                0x0000000000101720                C2D_TargetClear
 .text.C2Di_Update
                0x0000000000101778      0x22c /opt/devkitpro/libctru/lib/libcitro2d.a(base.o)
                0x0000000000101778                C2Di_Update
 .text.C2D_DrawRectangle
                0x00000000001019a4      0x1b0 /opt/devkitpro/libctru/lib/libcitro2d.a(base.o)
                0x00000000001019a4                C2D_DrawRectangle
 .text.C3Di_LightEnvUpdate
                0x0000000000101b54        0x4 /opt/devkitpro/libctru/lib/libcitro3d.a(base.o)
                0x0000000000101b54                C3Di_LightEnvUpdate
 .text.C3Di_LightEnvDirty
                0x0000000000101b58        0x4 /opt/devkitpro/libctru/lib/libcitro3d.a(base.o)
                0x0000000000101b58                C3Di_LightEnvDirty
 .text.C3Di_AptEventHook
                0x0000000000101b5c       0xb4 /opt/devkitpro/libctru/lib/libcitro3d.a(base.o)
 .text.C3Di_GasUpdate
                0x0000000000101c10        0x4 /opt/devkitpro/libctru/lib/libcitro3d.a(base.o)
                0x0000000000101c10                C3Di_GasUpdate
 .text.C3D_Init
                0x0000000000101c14      0x1e0 /opt/devkitpro/libctru/lib/libcitro3d.a(base.o)
                0x0000000000101c14                C3D_Init
 .text.C3D_SetViewport
                0x0000000000101df4       0x98 /opt/devkitpro/libctru/lib/libcitro3d.a(base.o)
                0x0000000000101df4                C3D_SetViewport
 .text.C3Di_UpdateContext
                0x0000000000101e8c      0x4ec /opt/devkitpro/libctru/lib/libcitro3d.a(base.o)
                0x0000000000101e8c                C3Di_UpdateContext
 .text.C3Di_SplitFrame
                0x0000000000102378       0xe0 /opt/devkitpro/libctru/lib/libcitro3d.a(base.o)
                0x0000000000102378                C3Di_SplitFrame
 .text.C3D_Fini
                0x0000000000102458       0x44 /opt/devkitpro/libctru/lib/libcitro3d.a(base.o)
                0x0000000000102458                C3D_Fini
 .text.C3D_BindProgram
                0x000000000010249c      0x108 /opt/devkitpro/libctru/lib/libcitro3d.a(base.o)
                0x000000000010249c                C3D_BindProgram
 .text.onVBlank0
                0x00000000001025a4       0x4c /opt/devkitpro/libctru/lib/libcitro3d.a(renderqueue.o)
 .text.onVBlank1
                0x00000000001025f0       0x4c /opt/devkitpro/libctru/lib/libcitro3d.a(renderqueue.o)
 .text.C3Di_RenderTargetDestroy
                0x000000000010263c       0x80 /opt/devkitpro/libctru/lib/libcitro3d.a(renderqueue.o)
 .text.onQueueFinish
                0x00000000001026bc       0xf4 /opt/devkitpro/libctru/lib/libcitro3d.a(renderqueue.o)
 .text.C3Di_RenderQueueEnableVBlank
                0x00000000001027b0       0x38 /opt/devkitpro/libctru/lib/libcitro3d.a(renderqueue.o)
                0x00000000001027b0                C3Di_RenderQueueEnableVBlank
 .text.C3Di_RenderQueueDisableVBlank
                0x00000000001027e8       0x30 /opt/devkitpro/libctru/lib/libcitro3d.a(renderqueue.o)
                0x00000000001027e8                C3Di_RenderQueueDisableVBlank
 .text.C3Di_RenderQueueInit
                0x0000000000102818       0x60 /opt/devkitpro/libctru/lib/libcitro3d.a(renderqueue.o)
                0x0000000000102818                C3Di_RenderQueueInit
 .text.C3Di_RenderQueueExit
                0x0000000000102878       0xb0 /opt/devkitpro/libctru/lib/libcitro3d.a(renderqueue.o)
                0x0000000000102878                C3Di_RenderQueueExit
 .text.C3Di_RenderQueueWaitDone
                0x0000000000102928       0x34 /opt/devkitpro/libctru/lib/libcitro3d.a(renderqueue.o)
                0x0000000000102928                C3Di_RenderQueueWaitDone
 .text.C3D_FrameBegin
                0x000000000010295c       0xe4 /opt/devkitpro/libctru/lib/libcitro3d.a(renderqueue.o)
                0x000000000010295c                C3D_FrameBegin
 .text.C3D_FrameDrawOn
                0x0000000000102a40       0x48 /opt/devkitpro/libctru/lib/libcitro3d.a(renderqueue.o)
                0x0000000000102a40                C3D_FrameDrawOn
 .text.C3D_FrameSplit
                0x0000000000102a88       0x58 /opt/devkitpro/libctru/lib/libcitro3d.a(renderqueue.o)
                0x0000000000102a88                C3D_FrameSplit
 .text.C3D_FrameEnd
                0x0000000000102ae0      0x1d8 /opt/devkitpro/libctru/lib/libcitro3d.a(renderqueue.o)
                0x0000000000102ae0                C3D_FrameEnd
 .text.C3D_FrameEndHook
                0x0000000000102cb8       0x1c /opt/devkitpro/libctru/lib/libcitro3d.a(renderqueue.o)
                0x0000000000102cb8                C3D_FrameEndHook
 .text.C3D_RenderTargetCreate
                0x0000000000102cd4      0x128 /opt/devkitpro/libctru/lib/libcitro3d.a(renderqueue.o)
                0x0000000000102cd4                C3D_RenderTargetCreate
 .text.C3D_RenderTargetSetOutput
                0x0000000000102dfc       0xa8 /opt/devkitpro/libctru/lib/libcitro3d.a(renderqueue.o)
                0x0000000000102dfc                C3D_RenderTargetSetOutput
 .text.C3D_TexBind
                0x0000000000102ea4       0x44 /opt/devkitpro/libctru/lib/libcitro3d.a(texture.o)
                0x0000000000102ea4                C3D_TexBind
 .text.C3Di_SetTex
                0x0000000000102ee8      0x16c /opt/devkitpro/libctru/lib/libcitro3d.a(texture.o)
                0x0000000000102ee8                C3Di_SetTex
 .text.C3D_CalcColorBufSize
                0x0000000000103054       0x1c /opt/devkitpro/libctru/lib/libcitro3d.a(framebuffer.o)
                0x0000000000103054                C3D_CalcColorBufSize
 .text.C3D_CalcDepthBufSize
                0x0000000000103070       0x1c /opt/devkitpro/libctru/lib/libcitro3d.a(framebuffer.o)
                0x0000000000103070                C3D_CalcDepthBufSize
 .text.C3D_SetFrameBuf
                0x000000000010308c       0x44 /opt/devkitpro/libctru/lib/libcitro3d.a(framebuffer.o)
                0x000000000010308c                C3D_SetFrameBuf
 .text.C3Di_FrameBufBind
                0x00000000001030d0      0x16c /opt/devkitpro/libctru/lib/libcitro3d.a(framebuffer.o)
                0x00000000001030d0                C3Di_FrameBufBind
 .text.C3D_FrameBufClear
                0x000000000010323c       0xcc /opt/devkitpro/libctru/lib/libcitro3d.a(framebuffer.o)
                0x000000000010323c                C3D_FrameBufClear
 .text.C3D_FrameBufTransfer
                0x0000000000103308       0x44 /opt/devkitpro/libctru/lib/libcitro3d.a(framebuffer.o)
                0x0000000000103308                C3D_FrameBufTransfer
 .text.C3D_GetTexEnv
                0x000000000010334c       0x34 /opt/devkitpro/libctru/lib/libcitro3d.a(texenv.o)
                0x000000000010334c                C3D_GetTexEnv
 .text.C3Di_TexEnvBind
                0x0000000000103380       0x24 /opt/devkitpro/libctru/lib/libcitro3d.a(texenv.o)
                0x0000000000103380                C3Di_TexEnvBind
 .text.C3D_ProcTexInit
                0x00000000001033a4       0x70 /opt/devkitpro/libctru/lib/libcitro3d.a(proctex.o)
                0x00000000001033a4                C3D_ProcTexInit
 .text.C3D_ProcTexBind
                0x0000000000103414       0x54 /opt/devkitpro/libctru/lib/libcitro3d.a(proctex.o)
                0x0000000000103414                C3D_ProcTexBind
 .text.C3D_ProcTexLutBind
                0x0000000000103468       0x5c /opt/devkitpro/libctru/lib/libcitro3d.a(proctex.o)
                0x0000000000103468                C3D_ProcTexLutBind
 .text.ProcTexLut_FromArray
                0x00000000001034c4       0xa4 /opt/devkitpro/libctru/lib/libcitro3d.a(proctex.o)
                0x00000000001034c4                ProcTexLut_FromArray
 .text.C3Di_ProcTexUpdate
                0x0000000000103568      0x17c /opt/devkitpro/libctru/lib/libcitro3d.a(proctex.o)
                0x0000000000103568                C3Di_ProcTexUpdate
 .text.C3Di_ProcTexDirty
                0x00000000001036e4       0x68 /opt/devkitpro/libctru/lib/libcitro3d.a(proctex.o)
                0x00000000001036e4                C3Di_ProcTexDirty
 .text.BufInfo_Init
                0x000000000010374c       0x24 /opt/devkitpro/libctru/lib/libcitro3d.a(buffers.o)
                0x000000000010374c                BufInfo_Init
 .text.BufInfo_Add
                0x0000000000103770       0x80 /opt/devkitpro/libctru/lib/libcitro3d.a(buffers.o)
                0x0000000000103770                BufInfo_Add
 .text.C3D_SetBufInfo
                0x00000000001037f0       0x40 /opt/devkitpro/libctru/lib/libcitro3d.a(buffers.o)
                0x00000000001037f0                C3D_SetBufInfo
 .text.C3Di_BufInfoBind
                0x0000000000103830       0x48 /opt/devkitpro/libctru/lib/libcitro3d.a(buffers.o)
                0x0000000000103830                C3Di_BufInfoBind
 .text.C3D_DrawArrays
                0x0000000000103878      0x148 /opt/devkitpro/libctru/lib/libcitro3d.a(drawArrays.o)
                0x0000000000103878                C3D_DrawArrays
 .text.C3D_DepthMap
                0x00000000001039c0       0x40 /opt/devkitpro/libctru/lib/libcitro3d.a(effect.o)
                0x00000000001039c0                C3D_DepthMap
 .text.C3D_CullFace
                0x0000000000103a00       0x1c /opt/devkitpro/libctru/lib/libcitro3d.a(effect.o)
                0x0000000000103a00                C3D_CullFace
 .text.C3D_StencilTest
                0x0000000000103a1c       0x40 /opt/devkitpro/libctru/lib/libcitro3d.a(effect.o)
                0x0000000000103a1c                C3D_StencilTest
 .text.C3D_StencilOp
                0x0000000000103a5c       0x24 /opt/devkitpro/libctru/lib/libcitro3d.a(effect.o)
                0x0000000000103a5c                C3D_StencilOp
 .text.C3D_BlendingColor
                0x0000000000103a80       0x1c /opt/devkitpro/libctru/lib/libcitro3d.a(effect.o)
                0x0000000000103a80                C3D_BlendingColor
 .text.C3D_EarlyDepthTest
                0x0000000000103a9c       0x24 /opt/devkitpro/libctru/lib/libcitro3d.a(effect.o)
                0x0000000000103a9c                C3D_EarlyDepthTest
 .text.C3D_DepthTest
                0x0000000000103ac0       0x2c /opt/devkitpro/libctru/lib/libcitro3d.a(effect.o)
                0x0000000000103ac0                C3D_DepthTest
 .text.C3D_AlphaTest
                0x0000000000103aec       0x2c /opt/devkitpro/libctru/lib/libcitro3d.a(effect.o)
                0x0000000000103aec                C3D_AlphaTest
 .text.C3D_AlphaBlend
                0x0000000000103b18       0x50 /opt/devkitpro/libctru/lib/libcitro3d.a(effect.o)
                0x0000000000103b18                C3D_AlphaBlend
 .text.C3D_FragOpMode
                0x0000000000103b68       0x30 /opt/devkitpro/libctru/lib/libcitro3d.a(effect.o)
                0x0000000000103b68                C3D_FragOpMode
 .text.C3D_FragOpShadow
                0x0000000000103b98       0x44 /opt/devkitpro/libctru/lib/libcitro3d.a(effect.o)
                0x0000000000103b98                C3D_FragOpShadow
 .text.C3Di_EffectBind
                0x0000000000103bdc      0x1ac /opt/devkitpro/libctru/lib/libcitro3d.a(effect.o)
                0x0000000000103bdc                C3Di_EffectBind
 .text.AttrInfo_Init
                0x0000000000103d88       0x28 /opt/devkitpro/libctru/lib/libcitro3d.a(attribs.o)
                0x0000000000103d88                AttrInfo_Init
 .text.AttrInfo_AddLoader
                0x0000000000103db0       0x98 /opt/devkitpro/libctru/lib/libcitro3d.a(attribs.o)
                0x0000000000103db0                AttrInfo_AddLoader
 .text.C3D_SetAttrInfo
                0x0000000000103e48       0x54 /opt/devkitpro/libctru/lib/libcitro3d.a(attribs.o)
                0x0000000000103e48                C3D_SetAttrInfo
 .text.C3Di_AttrInfoBind
                0x0000000000103e9c       0x80 /opt/devkitpro/libctru/lib/libcitro3d.a(attribs.o)
                0x0000000000103e9c                C3Di_AttrInfoBind
 .text.C3D_ImmSendAttrib
                0x0000000000103f1c       0xa8 /opt/devkitpro/libctru/lib/libcitro3d.a(immediate.o)
                0x0000000000103f1c                C3D_ImmSendAttrib
 .text.C3D_UpdateUniforms
                0x0000000000103fc4      0x29c /opt/devkitpro/libctru/lib/libcitro3d.a(uniforms.o)
                0x0000000000103fc4                C3D_UpdateUniforms
 .text.C3Di_DirtyUniforms
                0x0000000000104260       0xc0 /opt/devkitpro/libctru/lib/libcitro3d.a(uniforms.o)
                0x0000000000104260                C3Di_DirtyUniforms
 .text.C3Di_LoadShaderUniforms
                0x0000000000104320       0xd8 /opt/devkitpro/libctru/lib/libcitro3d.a(uniforms.o)
                0x0000000000104320                C3Di_LoadShaderUniforms
 .text.C3Di_ClearShaderUniforms
                0x00000000001043f8       0x28 /opt/devkitpro/libctru/lib/libcitro3d.a(uniforms.o)
                0x00000000001043f8                C3Di_ClearShaderUniforms
 .text.Mtx_Ortho
                0x0000000000104420       0xcc /opt/devkitpro/libctru/lib/libcitro3d.a(mtx_ortho.o)
                0x0000000000104420                Mtx_Ortho
 .text.Mtx_OrthoTilt
                0x00000000001044ec       0xcc /opt/devkitpro/libctru/lib/libcitro3d.a(mtx_orthotilt.o)
                0x00000000001044ec                Mtx_OrthoTilt
 .text._ZL21addrMapNodeComparatorPK11rbtree_nodeS1_
                0x00000000001045b8       0x24 /opt/devkitpro/libctru/lib/libctru.a(vram.o)
 .text._ZL21addrMapNodeDestructorP11rbtree_node
                0x00000000001045dc        0x4 /opt/devkitpro/libctru/lib/libctru.a(vram.o)
 .text.vramMemAlign
                0x00000000001045e0      0x114 /opt/devkitpro/libctru/lib/libctru.a(vram.o)
                0x00000000001045e0                vramMemAlign
 .text.vramAlloc
                0x00000000001046f4        0x8 /opt/devkitpro/libctru/lib/libctru.a(vram.o)
                0x00000000001046f4                vramAlloc
 .text.vramFree
                0x00000000001046fc       0x5c /opt/devkitpro/libctru/lib/libctru.a(vram.o)
                0x00000000001046fc                vramFree
 .text._ZL21addrMapNodeComparatorPK11rbtree_nodeS1_
                0x0000000000104758       0x24 /opt/devkitpro/libctru/lib/libctru.a(linear.o)
 .text._ZL21addrMapNodeDestructorP11rbtree_node
                0x000000000010477c        0x4 /opt/devkitpro/libctru/lib/libctru.a(linear.o)
 .text.linearMemAlign
                0x0000000000104780      0x120 /opt/devkitpro/libctru/lib/libctru.a(linear.o)
                0x0000000000104780                linearMemAlign
 .text.linearAlloc
                0x00000000001048a0        0x8 /opt/devkitpro/libctru/lib/libctru.a(linear.o)
                0x00000000001048a0                linearAlloc
 .text.linearFree
                0x00000000001048a8       0x5c /opt/devkitpro/libctru/lib/libctru.a(linear.o)
                0x00000000001048a8                linearFree
 .text._ZN7MemPool13CoalesceRightEP8MemBlock
                0x0000000000104904       0x84 /opt/devkitpro/libctru/lib/libctru.a(mem_pool.o)
                0x0000000000104904                MemPool::CoalesceRight(MemBlock*)
 .text._ZN7MemPool8AllocateER8MemChunkmi
                0x0000000000104988      0x170 /opt/devkitpro/libctru/lib/libctru.a(mem_pool.o)
                0x0000000000104988                MemPool::Allocate(MemChunk&, unsigned long, int)
 .text._ZN7MemPool10DeallocateERK8MemChunk
                0x0000000000104af8       0xfc /opt/devkitpro/libctru/lib/libctru.a(mem_pool.o)
                0x0000000000104af8                MemPool::Deallocate(MemChunk const&)
 .text.romfs_close
                0x0000000000104bf4        0x8 /opt/devkitpro/libctru/lib/libctru.a(romfs_dev.o)
 .text.romfs_seek
                0x0000000000104bfc       0xc8 /opt/devkitpro/libctru/lib/libctru.a(romfs_dev.o)
 .text.romfs_dirreset
                0x0000000000104cc4       0x24 /opt/devkitpro/libctru/lib/libctru.a(romfs_dev.o)
 .text.fill_dir
                0x0000000000104ce8       0xc8 /opt/devkitpro/libctru/lib/libctru.a(romfs_dev.o)
 .text.romfs_dirnext
                0x0000000000104db0      0x2b0 /opt/devkitpro/libctru/lib/libctru.a(romfs_dev.o)
 .text.romfs_free
                0x0000000000105060       0x84 /opt/devkitpro/libctru/lib/libctru.a(romfs_dev.o)
 .text.searchForFile.constprop.0
                0x00000000001050e4       0xd4 /opt/devkitpro/libctru/lib/libctru.a(romfs_dev.o)
 .text.searchForDir.constprop.0
                0x00000000001051b8       0xd8 /opt/devkitpro/libctru/lib/libctru.a(romfs_dev.o)
 .text.navigateToDir.constprop.0
                0x0000000000105290      0x1c0 /opt/devkitpro/libctru/lib/libctru.a(romfs_dev.o)
 .text.romfs_open
                0x0000000000105450      0x128 /opt/devkitpro/libctru/lib/libctru.a(romfs_dev.o)
 .text.romfs_chdir
                0x0000000000105578       0x4c /opt/devkitpro/libctru/lib/libctru.a(romfs_dev.o)
 .text.romfs_diropen
                0x00000000001055c4       0x70 /opt/devkitpro/libctru/lib/libctru.a(romfs_dev.o)
 .text.romfs_stat
                0x0000000000105634      0x17c /opt/devkitpro/libctru/lib/libctru.a(romfs_dev.o)
 .text.romfs_dirclose
                0x00000000001057b0        0x8 /opt/devkitpro/libctru/lib/libctru.a(romfs_dev.o)
 .text.romfs_fstat
                0x00000000001057b8       0x7c /opt/devkitpro/libctru/lib/libctru.a(romfs_dev.o)
 .text.romfs_read
                0x0000000000105834       0xd4 /opt/devkitpro/libctru/lib/libctru.a(romfs_dev.o)
 .text.romfsMountFromFile
                0x0000000000105908      0x290 /opt/devkitpro/libctru/lib/libctru.a(romfs_dev.o)
                0x0000000000105908                romfsMountFromFile
 .text.romfsMountFromCurrentProcess
                0x0000000000105b98       0x98 /opt/devkitpro/libctru/lib/libctru.a(romfs_dev.o)
                0x0000000000105b98                romfsMountFromCurrentProcess
 .text.romfsMountSelf
                0x0000000000105c30      0x25c /opt/devkitpro/libctru/lib/libctru.a(romfs_dev.o)
                0x0000000000105c30                romfsMountSelf
 .text.romfsUnmount
                0x0000000000105e8c       0xac /opt/devkitpro/libctru/lib/libctru.a(romfs_dev.o)
                0x0000000000105e8c                romfsUnmount
 .text.osConvertVirtToPhys
                0x0000000000105f38       0x74 /opt/devkitpro/libctru/lib/libctru.a(os.o)
                0x0000000000105f38                osConvertVirtToPhys
 .text.osGetTimeRef
                0x0000000000105fac       0x54 /opt/devkitpro/libctru/lib/libctru.a(os.o)
                0x0000000000105fac                osGetTimeRef
 .text.osGetTime
                0x0000000000106000       0xe4 /opt/devkitpro/libctru/lib/libctru.a(os.o)
                0x0000000000106000                osGetTime
 .text.__libctru_gtod
                0x00000000001060e4       0x74 /opt/devkitpro/libctru/lib/libctru.a(os.o)
                0x00000000001060e4                __libctru_gtod
 .text.__ctru_speedup_config
                0x0000000000106158       0x34 /opt/devkitpro/libctru/lib/libctru.a(os.o)
                0x0000000000106158                __ctru_speedup_config
 .text.gfxPresentFramebuffer
                0x000000000010618c       0xd0 /opt/devkitpro/libctru/lib/libctru.a(gfx.o)
 .text.gfxIsWide
                0x000000000010625c       0x1c /opt/devkitpro/libctru/lib/libctru.a(gfx.o)
                0x000000000010625c                gfxIsWide
 .text.gfxSetScreenFormat
                0x0000000000106278       0xec /opt/devkitpro/libctru/lib/libctru.a(gfx.o)
                0x0000000000106278                gfxSetScreenFormat
 .text.gfxInit  0x0000000000106364      0x108 /opt/devkitpro/libctru/lib/libctru.a(gfx.o)
                0x0000000000106364                gfxInit
 .text.gfxInitDefault
                0x000000000010646c       0x10 /opt/devkitpro/libctru/lib/libctru.a(gfx.o)
                0x000000000010646c                gfxInitDefault
 .text.gfxExit  0x000000000010647c       0xb4 /opt/devkitpro/libctru/lib/libctru.a(gfx.o)
                0x000000000010647c                gfxExit
 .text.gfxGetFramebuffer
                0x0000000000106530       0xa0 /opt/devkitpro/libctru/lib/libctru.a(gfx.o)
                0x0000000000106530                gfxGetFramebuffer
 .text.gfxScreenSwapBuffers
                0x00000000001065d0       0x30 /opt/devkitpro/libctru/lib/libctru.a(gfx.o)
                0x00000000001065d0                gfxScreenSwapBuffers
 .text.shaderInstanceInit
                0x0000000000106600      0x1e0 /opt/devkitpro/libctru/lib/libctru.a(shaderProgram.o)
                0x0000000000106600                shaderInstanceInit
 .text.shaderInstanceGetUniformLocation
                0x00000000001067e0       0x18 /opt/devkitpro/libctru/lib/libctru.a(shaderProgram.o)
                0x00000000001067e0                shaderInstanceGetUniformLocation
 .text.shaderProgramInit
                0x00000000001067f8       0x1c /opt/devkitpro/libctru/lib/libctru.a(shaderProgram.o)
                0x00000000001067f8                shaderProgramInit
 .text.shaderProgramFree
                0x0000000000106814       0x64 /opt/devkitpro/libctru/lib/libctru.a(shaderProgram.o)
                0x0000000000106814                shaderProgramFree
 .text.shaderProgramSetVsh
                0x0000000000106878       0x80 /opt/devkitpro/libctru/lib/libctru.a(shaderProgram.o)
                0x0000000000106878                shaderProgramSetVsh
 .text.shaderProgramConfigure
                0x00000000001068f8      0x8c0 /opt/devkitpro/libctru/lib/libctru.a(shaderProgram.o)
                0x00000000001068f8                shaderProgramConfigure
 .text.DVLE_GenerateOutmap.part.0
                0x00000000001071b8      0x1f8 /opt/devkitpro/libctru/lib/libctru.a(shbin.o)
 .text.DVLB_ParseFile
                0x00000000001073b0      0x1cc /opt/devkitpro/libctru/lib/libctru.a(shbin.o)
                0x00000000001073b0                DVLB_ParseFile
 .text.DVLB_Free
                0x000000000010757c       0x38 /opt/devkitpro/libctru/lib/libctru.a(shbin.o)
                0x000000000010757c                DVLB_Free
 .text.DVLE_GetUniformRegister
                0x00000000001075b4       0x74 /opt/devkitpro/libctru/lib/libctru.a(shbin.o)
                0x00000000001075b4                DVLE_GetUniformRegister
 .text.GX_BindQueue
                0x0000000000107628       0x10 /opt/devkitpro/libctru/lib/libctru.a(gx.o)
                0x0000000000107628                GX_BindQueue
 .text.GX_ProcessCommandList
                0x0000000000107638       0x78 /opt/devkitpro/libctru/lib/libctru.a(gx.o)
                0x0000000000107638                GX_ProcessCommandList
 .text.GX_MemoryFill
                0x00000000001076b0       0x74 /opt/devkitpro/libctru/lib/libctru.a(gx.o)
                0x00000000001076b0                GX_MemoryFill
 .text.GX_DisplayTransfer
                0x0000000000107724       0x70 /opt/devkitpro/libctru/lib/libctru.a(gx.o)
                0x0000000000107724                GX_DisplayTransfer
 .text.gxCmdQueueDoCommands.part.0
                0x0000000000107794       0x68 /opt/devkitpro/libctru/lib/libctru.a(gxqueue.o)
 .text.gxCmdQueueInterrupt
                0x00000000001077fc       0xc8 /opt/devkitpro/libctru/lib/libctru.a(gxqueue.o)
                0x00000000001077fc                gxCmdQueueInterrupt
 .text.gxCmdQueueClear
                0x00000000001078c4       0x4c /opt/devkitpro/libctru/lib/libctru.a(gxqueue.o)
                0x00000000001078c4                gxCmdQueueClear
 .text.gxCmdQueueAdd
                0x0000000000107910       0xf8 /opt/devkitpro/libctru/lib/libctru.a(gxqueue.o)
                0x0000000000107910                gxCmdQueueAdd
 .text.gxCmdQueueRun
                0x0000000000107a08       0x80 /opt/devkitpro/libctru/lib/libctru.a(gxqueue.o)
                0x0000000000107a08                gxCmdQueueRun
 .text.gxCmdQueueStop
                0x0000000000107a88       0x60 /opt/devkitpro/libctru/lib/libctru.a(gxqueue.o)
                0x0000000000107a88                gxCmdQueueStop
 .text.gxCmdQueueWait
                0x0000000000107ae8       0x74 /opt/devkitpro/libctru/lib/libctru.a(gxqueue.o)
                0x0000000000107ae8                gxCmdQueueWait
 .text.GPUCMD_Add
                0x0000000000107b5c      0x13c /opt/devkitpro/libctru/lib/libctru.a(gpu.o)
                0x0000000000107b5c                GPUCMD_Add
 .text.GPUCMD_Split
                0x0000000000107c98       0xac /opt/devkitpro/libctru/lib/libctru.a(gpu.o)
                0x0000000000107c98                GPUCMD_Split
 .text.f32tof16
                0x0000000000107d44       0x40 /opt/devkitpro/libctru/lib/libctru.a(gpu.o)
                0x0000000000107d44                f32tof16
 .text.f32tof24
                0x0000000000107d84       0x40 /opt/devkitpro/libctru/lib/libctru.a(gpu.o)
                0x0000000000107d84                f32tof24
 .text.f32tof31
                0x0000000000107dc4       0x44 /opt/devkitpro/libctru/lib/libctru.a(gpu.o)
                0x0000000000107dc4                f32tof31
 .text.gspHardwareInit
                0x0000000000107e08      0xc58 /opt/devkitpro/libctru/lib/libctru.a(gspgpu.o)
 .text.gspInit  0x0000000000108a60      0x254 /opt/devkitpro/libctru/lib/libctru.a(gspgpu.o)
                0x0000000000108a60                gspInit
 .text.gspExit  0x0000000000108cb4       0xf0 /opt/devkitpro/libctru/lib/libctru.a(gspgpu.o)
                0x0000000000108cb4                gspExit
 .text.gspHasGpuRight
                0x0000000000108da4       0x10 /opt/devkitpro/libctru/lib/libctru.a(gspgpu.o)
                0x0000000000108da4                gspHasGpuRight
 .text.gspPresentBuffer
                0x0000000000108db4       0x98 /opt/devkitpro/libctru/lib/libctru.a(gspgpu.o)
                0x0000000000108db4                gspPresentBuffer
 .text.gspSetEventCallback
                0x0000000000108e4c       0x30 /opt/devkitpro/libctru/lib/libctru.a(gspgpu.o)
                0x0000000000108e4c                gspSetEventCallback
 .text.gspWaitForEvent
                0x0000000000108e7c       0x50 /opt/devkitpro/libctru/lib/libctru.a(gspgpu.o)
                0x0000000000108e7c                gspWaitForEvent
 .text.gspWaitForAnyEvent
                0x0000000000108ecc       0x4c /opt/devkitpro/libctru/lib/libctru.a(gspgpu.o)
                0x0000000000108ecc                gspWaitForAnyEvent
 .text.gspEventThreadMain
                0x0000000000108f18      0x160 /opt/devkitpro/libctru/lib/libctru.a(gspgpu.o)
 .text.gspSubmitGxCommand
                0x0000000000109078      0x130 /opt/devkitpro/libctru/lib/libctru.a(gspgpu.o)
                0x0000000000109078                gspSubmitGxCommand
 .text.GSPGPU_FlushDataCache
                0x00000000001091a8       0x50 /opt/devkitpro/libctru/lib/libctru.a(gspgpu.o)
                0x00000000001091a8                GSPGPU_FlushDataCache
 .text.GSPGPU_SetLcdForceBlack
                0x00000000001091f8       0x34 /opt/devkitpro/libctru/lib/libctru.a(gspgpu.o)
                0x00000000001091f8                GSPGPU_SetLcdForceBlack
 .text.GSPGPU_AcquireRight
                0x000000000010922c       0x68 /opt/devkitpro/libctru/lib/libctru.a(gspgpu.o)
                0x000000000010922c                GSPGPU_AcquireRight
 .text.GSPGPU_ReleaseRight
                0x0000000000109294       0x48 /opt/devkitpro/libctru/lib/libctru.a(gspgpu.o)
                0x0000000000109294                GSPGPU_ReleaseRight
 .text.GSPGPU_ImportDisplayCaptureInfo
                0x00000000001092dc       0x7c /opt/devkitpro/libctru/lib/libctru.a(gspgpu.o)
                0x00000000001092dc                GSPGPU_ImportDisplayCaptureInfo
 .text.GSPGPU_SaveVramSysArea
                0x0000000000109358       0x2c /opt/devkitpro/libctru/lib/libctru.a(gspgpu.o)
                0x0000000000109358                GSPGPU_SaveVramSysArea
 .text.GSPGPU_RestoreVramSysArea
                0x0000000000109384       0x2c /opt/devkitpro/libctru/lib/libctru.a(gspgpu.o)
                0x0000000000109384                GSPGPU_RestoreVramSysArea
 .text.aptConvertScreenForCapture
                0x00000000001093b0      0x1b0 /opt/devkitpro/libctru/lib/libctru.a(apt.o)
 .text.aptDspSleep
                0x0000000000109560        0x8 /opt/devkitpro/libctru/lib/libctru.a(apt.o)
                0x0000000000109560                aptDspSleep
 .text.aptDspWakeup
                0x0000000000109568        0x4 /opt/devkitpro/libctru/lib/libctru.a(apt.o)
                0x0000000000109568                aptDspWakeup
 .text.aptDspCancel
                0x000000000010956c        0x4 /opt/devkitpro/libctru/lib/libctru.a(apt.o)
                0x000000000010956c                aptDspCancel
 .text.aptSendCommand
                0x0000000000109570      0x15c /opt/devkitpro/libctru/lib/libctru.a(apt.o)
                0x0000000000109570                aptSendCommand
 .text.aptExitProcess
                0x00000000001096cc       0x38 /opt/devkitpro/libctru/lib/libctru.a(apt.o)
 .text.aptExit  0x0000000000109704      0x2f0 /opt/devkitpro/libctru/lib/libctru.a(apt.o)
                0x0000000000109704                aptExit
 .text.aptHandleSleep
                0x00000000001099f4       0xd8 /opt/devkitpro/libctru/lib/libctru.a(apt.o)
                0x00000000001099f4                aptHandleSleep
 .text.aptHook  0x0000000000109acc       0x30 /opt/devkitpro/libctru/lib/libctru.a(apt.o)
                0x0000000000109acc                aptHook
 .text.aptUnhook
                0x0000000000109afc       0x30 /opt/devkitpro/libctru/lib/libctru.a(apt.o)
                0x0000000000109afc                aptUnhook
 .text.APT_SleepIfShellClosed
                0x0000000000109b2c       0x84 /opt/devkitpro/libctru/lib/libctru.a(apt.o)
                0x0000000000109b2c                APT_SleepIfShellClosed
 .text.aptSetSleepAllowed
                0x0000000000109bb0       0x84 /opt/devkitpro/libctru/lib/libctru.a(apt.o)
                0x0000000000109bb0                aptSetSleepAllowed
 .text.APT_UnlockTransition
                0x0000000000109c34       0x84 /opt/devkitpro/libctru/lib/libctru.a(apt.o)
                0x0000000000109c34                APT_UnlockTransition
 .text.aptEventHandler
                0x0000000000109cb8      0x484 /opt/devkitpro/libctru/lib/libctru.a(apt.o)
 .text.APT_ReceiveParameter
                0x000000000010a13c       0xb0 /opt/devkitpro/libctru/lib/libctru.a(apt.o)
                0x000000000010a13c                APT_ReceiveParameter
 .text.aptReceiveParameter.constprop.0
                0x000000000010a1ec       0xb0 /opt/devkitpro/libctru/lib/libctru.a(apt.o)
 *fill*         0x000000000010a29c        0x4 
 .text.aptScreenTransfer
                0x000000000010a2a0      0x2bc /opt/devkitpro/libctru/lib/libctru.a(apt.o)
 .text.aptWaitForWakeUp.isra.0
                0x000000000010a55c      0x2d0 /opt/devkitpro/libctru/lib/libctru.a(apt.o)
 .text.aptJumpToHomeMenu
                0x000000000010a82c       0xf8 /opt/devkitpro/libctru/lib/libctru.a(apt.o)
                0x000000000010a82c                aptJumpToHomeMenu
 .text.aptMainLoop
                0x000000000010a924       0x4c /opt/devkitpro/libctru/lib/libctru.a(apt.o)
                0x000000000010a924                aptMainLoop
 .text.aptInit  0x000000000010a970      0x234 /opt/devkitpro/libctru/lib/libctru.a(apt.o)
                0x000000000010a970                aptInit
 .text.APT_CheckNew3DS
                0x000000000010aba4       0x7c /opt/devkitpro/libctru/lib/libctru.a(apt.o)
                0x000000000010aba4                APT_CheckNew3DS
 .text.hidShouldUseIrrst
                0x000000000010ac20       0x24 /opt/devkitpro/libctru/lib/libctru.a(hid.o)
                0x000000000010ac20                hidShouldUseIrrst
 .text.hidInit  0x000000000010ac44      0x18c /opt/devkitpro/libctru/lib/libctru.a(hid.o)
                0x000000000010ac44                hidInit
 .text.hidExit  0x000000000010add0       0xe8 /opt/devkitpro/libctru/lib/libctru.a(hid.o)
                0x000000000010add0                hidExit
 .text.hidScanInput
                0x000000000010aeb8      0x294 /opt/devkitpro/libctru/lib/libctru.a(hid.o)
                0x000000000010aeb8                hidScanInput
 .text.hidKeysDown
                0x000000000010b14c       0x10 /opt/devkitpro/libctru/lib/libctru.a(hid.o)
                0x000000000010b14c                hidKeysDown
 .text.ptmSysmInit
                0x000000000010b15c       0x74 /opt/devkitpro/libctru/lib/libctru.a(ptmsysm.o)
                0x000000000010b15c                ptmSysmInit
 .text.ptmSysmExit
                0x000000000010b1d0       0x3c /opt/devkitpro/libctru/lib/libctru.a(ptmsysm.o)
                0x000000000010b1d0                ptmSysmExit
 .text.PTMSYSM_ConfigureNew3DSCPU
                0x000000000010b20c       0x34 /opt/devkitpro/libctru/lib/libctru.a(ptmsysm.o)
                0x000000000010b20c                PTMSYSM_ConfigureNew3DSCPU
 .text.fsInit   0x000000000010b240       0xc8 /opt/devkitpro/libctru/lib/libctru.a(fs.o)
                0x000000000010b240                fsInit
 .text.fsExit   0x000000000010b308       0x3c /opt/devkitpro/libctru/lib/libctru.a(fs.o)
                0x000000000010b308                fsExit
 .text.fsExemptFromSession
                0x000000000010b344       0x60 /opt/devkitpro/libctru/lib/libctru.a(fs.o)
                0x000000000010b344                fsExemptFromSession
 .text.fsUnexemptFromSession
                0x000000000010b3a4       0x50 /opt/devkitpro/libctru/lib/libctru.a(fs.o)
                0x000000000010b3a4                fsUnexemptFromSession
 .text.FSUSER_OpenFile
                0x000000000010b3f4       0xcc /opt/devkitpro/libctru/lib/libctru.a(fs.o)
                0x000000000010b3f4                FSUSER_OpenFile
 .text.FSUSER_OpenFileDirectly
                0x000000000010b4c0       0xd4 /opt/devkitpro/libctru/lib/libctru.a(fs.o)
                0x000000000010b4c0                FSUSER_OpenFileDirectly
 .text.FSUSER_DeleteFile
                0x000000000010b594       0xbc /opt/devkitpro/libctru/lib/libctru.a(fs.o)
                0x000000000010b594                FSUSER_DeleteFile
 .text.FSUSER_RenameFile
                0x000000000010b650       0xf8 /opt/devkitpro/libctru/lib/libctru.a(fs.o)
                0x000000000010b650                FSUSER_RenameFile
 .text.FSUSER_DeleteDirectory
                0x000000000010b748       0xbc /opt/devkitpro/libctru/lib/libctru.a(fs.o)
                0x000000000010b748                FSUSER_DeleteDirectory
 .text.FSUSER_CreateFile
                0x000000000010b804       0xd4 /opt/devkitpro/libctru/lib/libctru.a(fs.o)
                0x000000000010b804                FSUSER_CreateFile
 .text.FSUSER_CreateDirectory
                0x000000000010b8d8       0xc4 /opt/devkitpro/libctru/lib/libctru.a(fs.o)
                0x000000000010b8d8                FSUSER_CreateDirectory
 .text.FSUSER_RenameDirectory
                0x000000000010b99c       0xf8 /opt/devkitpro/libctru/lib/libctru.a(fs.o)
                0x000000000010b99c                FSUSER_RenameDirectory
 .text.FSUSER_OpenDirectory
                0x000000000010ba94       0xb4 /opt/devkitpro/libctru/lib/libctru.a(fs.o)
                0x000000000010ba94                FSUSER_OpenDirectory
 .text.FSUSER_OpenArchive
                0x000000000010bb48       0x94 /opt/devkitpro/libctru/lib/libctru.a(fs.o)
                0x000000000010bb48                FSUSER_OpenArchive
 .text.FSUSER_CloseArchive
                0x000000000010bbdc       0x8c /opt/devkitpro/libctru/lib/libctru.a(fs.o)
                0x000000000010bbdc                FSUSER_CloseArchive
 .text.FSUSER_GetSdmcArchiveResource
                0x000000000010bc68       0x74 /opt/devkitpro/libctru/lib/libctru.a(fs.o)
                0x000000000010bc68                FSUSER_GetSdmcArchiveResource
 .text.FSUSER_IsSdmcWritable
                0x000000000010bcdc       0x64 /opt/devkitpro/libctru/lib/libctru.a(fs.o)
                0x000000000010bcdc                FSUSER_IsSdmcWritable
 .text.FSFILE_Read
                0x000000000010bd40       0x58 /opt/devkitpro/libctru/lib/libctru.a(fs.o)
                0x000000000010bd40                FSFILE_Read
 .text.FSFILE_Write
                0x000000000010bd98       0x60 /opt/devkitpro/libctru/lib/libctru.a(fs.o)
                0x000000000010bd98                FSFILE_Write
 .text.FSFILE_GetSize
                0x000000000010bdf8       0x38 /opt/devkitpro/libctru/lib/libctru.a(fs.o)
                0x000000000010bdf8                FSFILE_GetSize
 .text.FSFILE_SetSize
                0x000000000010be30       0x28 /opt/devkitpro/libctru/lib/libctru.a(fs.o)
                0x000000000010be30                FSFILE_SetSize
 .text.FSFILE_Close
                0x000000000010be58       0x3c /opt/devkitpro/libctru/lib/libctru.a(fs.o)
                0x000000000010be58                FSFILE_Close
 .text.FSFILE_Flush
                0x000000000010be94       0x24 /opt/devkitpro/libctru/lib/libctru.a(fs.o)
                0x000000000010be94                FSFILE_Flush
 .text.FSDIR_Read
                0x000000000010beb8       0x50 /opt/devkitpro/libctru/lib/libctru.a(fs.o)
                0x000000000010beb8                FSDIR_Read
 .text.FSDIR_Close
                0x000000000010bf08       0x3c /opt/devkitpro/libctru/lib/libctru.a(fs.o)
                0x000000000010bf08                FSDIR_Close
 .text.rbtree_init
                0x000000000010bf44       0x10 /opt/devkitpro/libctru/lib/libctru.a(rbtree_init.o)
                0x000000000010bf44                rbtree_init
 .text.do_insert
                0x000000000010bf54      0x1a0 /opt/devkitpro/libctru/lib/libctru.a(rbtree_insert.o)
 .text.rbtree_insert
                0x000000000010c0f4        0x8 /opt/devkitpro/libctru/lib/libctru.a(rbtree_insert.o)
                0x000000000010c0f4                rbtree_insert
 .text.rbtree_rotate
                0x000000000010c0fc       0x90 /opt/devkitpro/libctru/lib/libctru.a(rbtree_rotate.o)
                0x000000000010c0fc                rbtree_rotate
 .text.rbtree_remove
                0x000000000010c18c      0x338 /opt/devkitpro/libctru/lib/libctru.a(rbtree_remove.o)
                0x000000000010c18c                rbtree_remove
 .text.rbtree_find
                0x000000000010c4c4       0x74 /opt/devkitpro/libctru/lib/libctru.a(rbtree_find.o)
                0x000000000010c4c4                rbtree_find
 .text.utf16_to_utf8
                0x000000000010c538       0xe8 /opt/devkitpro/libctru/lib/libctru.a(utf16_to_utf8.o)
                0x000000000010c538                utf16_to_utf8
 .text.decode_utf16
                0x000000000010c620       0x64 /opt/devkitpro/libctru/lib/libctru.a(decode_utf16.o)
                0x000000000010c620                decode_utf16
 .text.utf8_to_utf16
                0x000000000010c684       0xc0 /opt/devkitpro/libctru/lib/libctru.a(utf8_to_utf16.o)
                0x000000000010c684                utf8_to_utf16
 *fill*         0x000000000010c744        0x4 
 .text.__system_allocateHeaps
                0x000000000010c748      0x1e0 /opt/devkitpro/libctru/lib/libctru.a(allocateHeaps.o)
                0x000000000010c748                __system_allocateHeaps
 .text.__libctru_init
                0x000000000010c928       0x38 /opt/devkitpro/libctru/lib/libctru.a(ctru_init.o)
                0x000000000010c928                __libctru_init
 .text.__system_initArgv
                0x000000000010c960       0xf0 /opt/devkitpro/libctru/lib/libctru.a(initArgv.o)
                0x000000000010c960                __system_initArgv
 .text.svcControlMemory
                0x000000000010ca50       0x20 /opt/devkitpro/libctru/lib/libctru.a(svc.o)
                0x000000000010ca50                svcControlMemory
 .text.svcQueryMemory
                0x000000000010ca70       0x30 /opt/devkitpro/libctru/lib/libctru.a(svc.o)
                0x000000000010ca70                svcQueryMemory
 .text.svcExitProcess
                0x000000000010caa0        0x8 /opt/devkitpro/libctru/lib/libctru.a(svc.o)
                0x000000000010caa0                svcExitProcess
 .text.svcCreateThread
                0x000000000010caa8       0x20 /opt/devkitpro/libctru/lib/libctru.a(svc.o)
                0x000000000010caa8                svcCreateThread
 .text.svcExitThread
                0x000000000010cac8        0x8 /opt/devkitpro/libctru/lib/libctru.a(svc.o)
                0x000000000010cac8                svcExitThread
 .text.svcSleepThread
                0x000000000010cad0        0x8 /opt/devkitpro/libctru/lib/libctru.a(svc.o)
                0x000000000010cad0                svcSleepThread
 .text.svcReleaseMutex
                0x000000000010cad8        0x8 /opt/devkitpro/libctru/lib/libctru.a(svc.o)
                0x000000000010cad8                svcReleaseMutex
 .text.svcCreateEvent
                0x000000000010cae0       0x14 /opt/devkitpro/libctru/lib/libctru.a(svc.o)
                0x000000000010cae0                svcCreateEvent
 .text.svcSignalEvent
                0x000000000010caf4        0x8 /opt/devkitpro/libctru/lib/libctru.a(svc.o)
                0x000000000010caf4                svcSignalEvent
 .text.svcClearEvent
                0x000000000010cafc        0x8 /opt/devkitpro/libctru/lib/libctru.a(svc.o)
                0x000000000010cafc                svcClearEvent
 .text.svcMapMemoryBlock
                0x000000000010cb04        0x8 /opt/devkitpro/libctru/lib/libctru.a(svc.o)
                0x000000000010cb04                svcMapMemoryBlock
 .text.svcUnmapMemoryBlock
                0x000000000010cb0c        0x8 /opt/devkitpro/libctru/lib/libctru.a(svc.o)
                0x000000000010cb0c                svcUnmapMemoryBlock
 .text.svcCreateAddressArbiter
                0x000000000010cb14       0x14 /opt/devkitpro/libctru/lib/libctru.a(svc.o)
                0x000000000010cb14                svcCreateAddressArbiter
 .text.svcArbitrateAddressNoTimeout
                0x000000000010cb28        0x8 /opt/devkitpro/libctru/lib/libctru.a(svc.o)
                0x000000000010cb28                svcArbitrateAddressNoTimeout
 .text.svcCloseHandle
                0x000000000010cb30        0x8 /opt/devkitpro/libctru/lib/libctru.a(svc.o)
                0x000000000010cb30                svcCloseHandle
 .text.svcWaitSynchronization
                0x000000000010cb38        0x8 /opt/devkitpro/libctru/lib/libctru.a(svc.o)
                0x000000000010cb38                svcWaitSynchronization
 .text.svcWaitSynchronizationN
                0x000000000010cb40       0x28 /opt/devkitpro/libctru/lib/libctru.a(svc.o)
                0x000000000010cb40                svcWaitSynchronizationN
 .text.svcDuplicateHandle
                0x000000000010cb68       0x14 /opt/devkitpro/libctru/lib/libctru.a(svc.o)
                0x000000000010cb68                svcDuplicateHandle
 .text.svcGetSystemTick
                0x000000000010cb7c        0x8 /opt/devkitpro/libctru/lib/libctru.a(svc.o)
                0x000000000010cb7c                svcGetSystemTick
 .text.svcConnectToPort
                0x000000000010cb84       0x14 /opt/devkitpro/libctru/lib/libctru.a(svc.o)
                0x000000000010cb84                svcConnectToPort
 .text.svcSendSyncRequest
                0x000000000010cb98        0x8 /opt/devkitpro/libctru/lib/libctru.a(svc.o)
                0x000000000010cb98                svcSendSyncRequest
 .text.svcGetResourceLimit
                0x000000000010cba0       0x14 /opt/devkitpro/libctru/lib/libctru.a(svc.o)
                0x000000000010cba0                svcGetResourceLimit
 .text.svcGetResourceLimitLimitValues
                0x000000000010cbb4        0x8 /opt/devkitpro/libctru/lib/libctru.a(svc.o)
                0x000000000010cbb4                svcGetResourceLimitLimitValues
 .text.svcGetResourceLimitCurrentValues
                0x000000000010cbbc        0x8 /opt/devkitpro/libctru/lib/libctru.a(svc.o)
                0x000000000010cbbc                svcGetResourceLimitCurrentValues
 .text.svcBreak
                0x000000000010cbc4        0x8 /opt/devkitpro/libctru/lib/libctru.a(svc.o)
                0x000000000010cbc4                svcBreak
 .text.initSystem
                0x000000000010cbcc       0x50 /opt/devkitpro/libctru/lib/libctru.a(stack_adjust.o)
                0x000000000010cbcc                initSystem
 .text.__ctru_exit
                0x000000000010cc1c       0x18 /opt/devkitpro/libctru/lib/libctru.a(stack_adjust.o)
                0x000000000010cc1c                __ctru_exit
 .text.__aeabi_read_tp
                0x000000000010cc34        0xc /opt/devkitpro/libctru/lib/libctru.a(readtp.o)
                0x000000000010cc34                __aeabi_read_tp
 .text.__sync_init
                0x000000000010cc40        0xc /opt/devkitpro/libctru/lib/libctru.a(synchronization.o)
                0x000000000010cc40                __sync_init
 .text.__sync_fini
                0x000000000010cc4c       0x18 /opt/devkitpro/libctru/lib/libctru.a(synchronization.o)
                0x000000000010cc4c                __sync_fini
 .text.syncArbitrateAddress
                0x000000000010cc64       0x2c /opt/devkitpro/libctru/lib/libctru.a(synchronization.o)
                0x000000000010cc64                syncArbitrateAddress
 .text.LightLock_Init
                0x000000000010cc90       0x1c /opt/devkitpro/libctru/lib/libctru.a(synchronization.o)
                0x000000000010cc90                LightLock_Init
 .text.LightLock_Lock
                0x000000000010ccac       0x94 /opt/devkitpro/libctru/lib/libctru.a(synchronization.o)
                0x000000000010ccac                LightLock_Lock
 .text.LightLock_TryLock
                0x000000000010cd40       0x44 /opt/devkitpro/libctru/lib/libctru.a(synchronization.o)
                0x000000000010cd40                LightLock_TryLock
 .text.LightLock_Unlock
                0x000000000010cd84       0x40 /opt/devkitpro/libctru/lib/libctru.a(synchronization.o)
                0x000000000010cd84                LightLock_Unlock
 .text.RecursiveLock_Init
                0x000000000010cdc4       0x24 /opt/devkitpro/libctru/lib/libctru.a(synchronization.o)
                0x000000000010cdc4                RecursiveLock_Init
 .text.RecursiveLock_Lock
                0x000000000010cde8       0x30 /opt/devkitpro/libctru/lib/libctru.a(synchronization.o)
                0x000000000010cde8                RecursiveLock_Lock
 .text.RecursiveLock_TryLock
                0x000000000010ce18       0x78 /opt/devkitpro/libctru/lib/libctru.a(synchronization.o)
                0x000000000010ce18                RecursiveLock_TryLock
 .text.RecursiveLock_Unlock
                0x000000000010ce90       0x54 /opt/devkitpro/libctru/lib/libctru.a(synchronization.o)
                0x000000000010ce90                RecursiveLock_Unlock
 .text.LightEvent_Init
                0x000000000010cee4       0x40 /opt/devkitpro/libctru/lib/libctru.a(synchronization.o)
                0x000000000010cee4                LightEvent_Init
 .text.LightEvent_Clear
                0x000000000010cf24       0xa4 /opt/devkitpro/libctru/lib/libctru.a(synchronization.o)
                0x000000000010cf24                LightEvent_Clear
 .text.LightEvent_Signal
                0x000000000010cfc8       0xc8 /opt/devkitpro/libctru/lib/libctru.a(synchronization.o)
                0x000000000010cfc8                LightEvent_Signal
 .text.LightEvent_TryWait
                0x000000000010d090       0x58 /opt/devkitpro/libctru/lib/libctru.a(synchronization.o)
                0x000000000010d090                LightEvent_TryWait
 .text.LightEvent_Wait
                0x000000000010d0e8       0xb0 /opt/devkitpro/libctru/lib/libctru.a(synchronization.o)
                0x000000000010d0e8                LightEvent_Wait
 .text.envGetHandle
                0x000000000010d198       0x84 /opt/devkitpro/libctru/lib/libctru.a(env.o)
                0x000000000010d198                envGetHandle
 .text.envDestroyHandles
                0x000000000010d21c       0x50 /opt/devkitpro/libctru/lib/libctru.a(env.o)
                0x000000000010d21c                envDestroyHandles
 .text.srvInit  0x000000000010d26c      0x124 /opt/devkitpro/libctru/lib/libctru.a(srv.o)
                0x000000000010d26c                srvInit
 .text.srvExit  0x000000000010d390       0x58 /opt/devkitpro/libctru/lib/libctru.a(srv.o)
                0x000000000010d390                srvExit
 .text.srvGetServiceHandleDirect
                0x000000000010d3e8       0x80 /opt/devkitpro/libctru/lib/libctru.a(srv.o)
                0x000000000010d3e8                srvGetServiceHandleDirect
 .text.srvGetServiceHandle
                0x000000000010d468       0x48 /opt/devkitpro/libctru/lib/libctru.a(srv.o)
                0x000000000010d468                srvGetServiceHandle
 .text.srvPublishToSubscriber
                0x000000000010d4b0       0x38 /opt/devkitpro/libctru/lib/libctru.a(srv.o)
                0x000000000010d4b0                srvPublishToSubscriber
 .text.threadCreate
                0x000000000010d4e8      0x188 /opt/devkitpro/libctru/lib/libctru.a(thread.o)
                0x000000000010d4e8                threadCreate
 .text.threadFree
                0x000000000010d670       0x2c /opt/devkitpro/libctru/lib/libctru.a(thread.o)
                0x000000000010d670                threadFree
 .text.threadJoin
                0x000000000010d69c       0x24 /opt/devkitpro/libctru/lib/libctru.a(thread.o)
                0x000000000010d69c                threadJoin
 .text.threadGetCurrent
                0x000000000010d6c0       0x30 /opt/devkitpro/libctru/lib/libctru.a(thread.o)
                0x000000000010d6c0                threadGetCurrent
 .text.threadExit
                0x000000000010d6f0       0x40 /opt/devkitpro/libctru/lib/libctru.a(thread.o)
                0x000000000010d6f0                threadExit
 .text._thread_begin
                0x000000000010d730       0x44 /opt/devkitpro/libctru/lib/libctru.a(thread.o)
 .text.mappableFindAddressWithin
                0x000000000010d774       0x94 /opt/devkitpro/libctru/lib/libctru.a(mappable.o)
 .text.mappableInit
                0x000000000010d808       0x28 /opt/devkitpro/libctru/lib/libctru.a(mappable.o)
                0x000000000010d808                mappableInit
 .text.mappableAlloc
                0x000000000010d830       0x80 /opt/devkitpro/libctru/lib/libctru.a(mappable.o)
                0x000000000010d830                mappableAlloc
 .text.mappableFree
                0x000000000010d8b0        0x4 /opt/devkitpro/libctru/lib/libctru.a(mappable.o)
                0x000000000010d8b0                mappableFree
 .text.irrstInit
                0x000000000010d8b4      0x160 /opt/devkitpro/libctru/lib/libctru.a(irrst.o)
                0x000000000010d8b4                irrstInit
 .text.irrstExit
                0x000000000010da14       0xcc /opt/devkitpro/libctru/lib/libctru.a(irrst.o)
                0x000000000010da14                irrstExit
 .text.irrstScanInput
                0x000000000010dae0       0xb0 /opt/devkitpro/libctru/lib/libctru.a(irrst.o)
                0x000000000010dae0                irrstScanInput
 .text.irrstKeysHeld
                0x000000000010db90       0x24 /opt/devkitpro/libctru/lib/libctru.a(irrst.o)
                0x000000000010db90                irrstKeysHeld
 .text.srvPmGetSessionHandle
                0x000000000010dbb4        0xc /opt/devkitpro/libctru/lib/libctru.a(srvpm.o)
                0x000000000010dbb4                srvPmGetSessionHandle
 .text.rbtree_node_next
                0x000000000010dbc0       0x50 /opt/devkitpro/libctru/lib/libctru.a(rbtree_iterator.o)
                0x000000000010dbc0                rbtree_node_next
 .text.encode_utf16
                0x000000000010dc10       0x60 /opt/devkitpro/libctru/lib/libctru.a(encode_utf16.o)
                0x000000000010dc10                encode_utf16
 .text.encode_utf8
                0x000000000010dc70       0xfc /opt/devkitpro/libctru/lib/libctru.a(encode_utf8.o)
                0x000000000010dc70                encode_utf8
 .text.decode_utf8
                0x000000000010dd6c      0x13c /opt/devkitpro/libctru/lib/libctru.a(decode_utf8.o)
                0x000000000010dd6c                decode_utf8
 .text.__appInit
                0x000000000010dea8       0x30 /opt/devkitpro/libctru/lib/libctru.a(appInit.o)
                0x000000000010dea8                __appInit
 .text.__libctru_nanosleep
                0x000000000010ded8       0x30 /opt/devkitpro/libctru/lib/libctru.a(syscalls.o)
 .text.__libctru_get_reent
                0x000000000010df08       0x30 /opt/devkitpro/libctru/lib/libctru.a(syscalls.o)
 .text.__system_initSyscalls
                0x000000000010df38       0xf8 /opt/devkitpro/libctru/lib/libctru.a(syscalls.o)
                0x000000000010df38                __system_initSyscalls
 .text.__appExit
                0x000000000010e030       0x30 /opt/devkitpro/libctru/lib/libctru.a(appExit.o)
                0x000000000010e030                __appExit
 .text.__libctru_exit
                0x000000000010e060       0x90 /opt/devkitpro/libctru/lib/libctru.a(ctru_exit.o)
                0x000000000010e060                __libctru_exit
 .text.archive_link
                0x000000000010e0f0       0x14 /opt/devkitpro/libctru/lib/libctru.a(archive_dev.o)
 .text.archive_dirreset
                0x000000000010e104       0x14 /opt/devkitpro/libctru/lib/libctru.a(archive_dev.o)
 .text.archive_chmod
                0x000000000010e118       0x14 /opt/devkitpro/libctru/lib/libctru.a(archive_dev.o)
 .text.error_cmp
                0x000000000010e12c       0x24 /opt/devkitpro/libctru/lib/libctru.a(archive_dev.o)
 .text.archive_translate_error
                0x000000000010e150       0x50 /opt/devkitpro/libctru/lib/libctru.a(archive_dev.o)
 .text.archive_seek
                0x000000000010e1a0       0xd4 /opt/devkitpro/libctru/lib/libctru.a(archive_dev.o)
 .text._archiveInit.part.0
                0x000000000010e274       0x7c /opt/devkitpro/libctru/lib/libctru.a(archive_dev.o)
 .text.archiveFindDevice.part.0
                0x000000000010e2f0       0x8c /opt/devkitpro/libctru/lib/libctru.a(archive_dev.o)
 .text.archive_utf16path
                0x000000000010e37c      0x294 /opt/devkitpro/libctru/lib/libctru.a(archive_dev.o)
 .text._archiveUnmountDeviceStruct.part.0
                0x000000000010e610       0xa0 /opt/devkitpro/libctru/lib/libctru.a(archive_dev.o)
 .text.archive_fchmod
                0x000000000010e6b0       0x14 /opt/devkitpro/libctru/lib/libctru.a(archive_dev.o)
 .text.archive_statvfs
                0x000000000010e6c4       0x14 /opt/devkitpro/libctru/lib/libctru.a(archive_dev.o)
 .text._archiveMountDevice
                0x000000000010e6d8      0x158 /opt/devkitpro/libctru/lib/libctru.a(archive_dev.o)
 .text.archive_diropen
                0x000000000010e830       0xe8 /opt/devkitpro/libctru/lib/libctru.a(archive_dev.o)
 .text.archive_fstat
                0x000000000010e918       0xa4 /opt/devkitpro/libctru/lib/libctru.a(archive_dev.o)
 .text.archive_close
                0x000000000010e9bc       0x6c /opt/devkitpro/libctru/lib/libctru.a(archive_dev.o)
 .text.archive_fsync
                0x000000000010ea28       0x6c /opt/devkitpro/libctru/lib/libctru.a(archive_dev.o)
 .text.archive_dirclose
                0x000000000010ea94       0x70 /opt/devkitpro/libctru/lib/libctru.a(archive_dev.o)
 .text.sdmc_statvfs
                0x000000000010eb04       0xe8 /opt/devkitpro/libctru/lib/libctru.a(archive_dev.o)
 .text.archive_ftruncate
                0x000000000010ebec       0x80 /opt/devkitpro/libctru/lib/libctru.a(archive_dev.o)
 .text.archive_chdir
                0x000000000010ec6c       0xfc /opt/devkitpro/libctru/lib/libctru.a(archive_dev.o)
 .text.archive_read
                0x000000000010ed68       0xb0 /opt/devkitpro/libctru/lib/libctru.a(archive_dev.o)
 .text.archive_unlink
                0x000000000010ee18       0xac /opt/devkitpro/libctru/lib/libctru.a(archive_dev.o)
 .text.archive_rmdir
                0x000000000010eec4       0xc8 /opt/devkitpro/libctru/lib/libctru.a(archive_dev.o)
 .text.archive_mkdir
                0x000000000010ef8c       0xec /opt/devkitpro/libctru/lib/libctru.a(archive_dev.o)
 .text.archive_stat
                0x000000000010f078      0x1a8 /opt/devkitpro/libctru/lib/libctru.a(archive_dev.o)
 .text.archive_rename
                0x000000000010f220      0x184 /opt/devkitpro/libctru/lib/libctru.a(archive_dev.o)
 .text.archive_dirnext
                0x000000000010f3a4      0x168 /opt/devkitpro/libctru/lib/libctru.a(archive_dev.o)
 .text.archive_write
                0x000000000010f50c      0x12c /opt/devkitpro/libctru/lib/libctru.a(archive_dev.o)
 .text.archive_open
                0x000000000010f638      0x1f0 /opt/devkitpro/libctru/lib/libctru.a(archive_dev.o)
 .text.archiveMountSdmc
                0x000000000010f828      0x1a4 /opt/devkitpro/libctru/lib/libctru.a(archive_dev.o)
                0x000000000010f828                archiveMountSdmc
 .text.archiveUnmountAll
                0x000000000010f9cc       0x54 /opt/devkitpro/libctru/lib/libctru.a(archive_dev.o)
                0x000000000010f9cc                archiveUnmountAll
 .text.__udivmoddi4
                0x000000000010fa20      0x120 /opt/devkitpro/devkitARM/bin/../lib/gcc/arm-none-eabi/10.2.0/armv6k/fpu/libgcc.a(_udivmoddi4.o)
                0x000000000010fa20                __udivmoddi4
 .text.bsearch  0x000000000010fb40       0x78 /opt/devkitpro/devkitARM/bin/../lib/gcc/arm-none-eabi/10.2.0/../../../../arm-none-eabi/lib/armv6k/fpu/libg.a(lib_a-bsearch.o)
                0x000000000010fb40                bsearch
 .text.calloc   0x000000000010fbb8       0x28 /opt/devkitpro/devkitARM/bin/../lib/gcc/arm-none-eabi/10.2.0/../../../../arm-none-eabi/lib/armv6k/fpu/libg.a(lib_a-calloc.o)
                0x000000000010fbb8                calloc
 .text._calloc_r
                0x000000000010fbe0       0x94 /opt/devkitpro/devkitARM/bin/../lib/gcc/arm-none-eabi/10.2.0/../../../../arm-none-eabi/lib/armv6k/fpu/libg.a(lib_a-callocr.o)
                0x000000000010fbe0                _calloc_r
 .text.__errno  0x000000000010fc74        0xc /opt/devkitpro/devkitARM/bin/../lib/gcc/arm-none-eabi/10.2.0/../../../../arm-none-eabi/lib/armv6k/fpu/libg.a(lib_a-errno.o)
                0x000000000010fc74                __errno
 .text.exit     0x000000000010fc80       0x34 /opt/devkitpro/devkitARM/bin/../lib/gcc/arm-none-eabi/10.2.0/../../../../arm-none-eabi/lib/armv6k/fpu/libg.a(lib_a-exit.o)
                0x000000000010fc80                exit
 .text._fclose_r
                0x000000000010fcb4      0x160 /opt/devkitpro/devkitARM/bin/../lib/gcc/arm-none-eabi/10.2.0/../../../../arm-none-eabi/lib/armv6k/fpu/libg.a(lib_a-fclose.o)
                0x000000000010fcb4                _fclose_r
 .text.fclose   0x000000000010fe14       0x20 /opt/devkitpro/devkitARM/bin/../lib/gcc/arm-none-eabi/10.2.0/../../../../arm-none-eabi/lib/armv6k/fpu/libg.a(lib_a-fclose.o)
                0x000000000010fe14                fclose
 .text.__sflush_r
                0x000000000010fe34      0x258 /opt/devkitpro/devkitARM/bin/../lib/gcc/arm-none-eabi/10.2.0/../../../../arm-none-eabi/lib/armv6k/fpu/libg.a(lib_a-fflush.o)
                0x000000000010fe34                __sflush_r
 .text._fflush_r
                0x000000000011008c       0x94 /opt/devkitpro/devkitARM/bin/../lib/gcc/arm-none-eabi/10.2.0/../../../../arm-none-eabi/lib/armv6k/fpu/libg.a(lib_a-fflush.o)
                0x000000000011008c                _fflush_r
 .text.fflush   0x0000000000110120       0x38 /opt/devkitpro/devkitARM/bin/../lib/gcc/arm-none-eabi/10.2.0/../../../../arm-none-eabi/lib/armv6k/fpu/libg.a(lib_a-fflush.o)
                0x0000000000110120                fflush
 .text._cleanup_r
                0x0000000000110158        0xc /opt/devkitpro/devkitARM/bin/../lib/gcc/arm-none-eabi/10.2.0/../../../../arm-none-eabi/lib/armv6k/fpu/libg.a(lib_a-findfp.o)
                0x0000000000110158                _cleanup_r
 .text.__sinit  0x0000000000110164      0x184 /opt/devkitpro/devkitARM/bin/../lib/gcc/arm-none-eabi/10.2.0/../../../../arm-none-eabi/lib/armv6k/fpu/libg.a(lib_a-findfp.o)
                0x0000000000110164                __sinit
 .text.__sfp    0x00000000001102e8      0x134 /opt/devkitpro/devkitARM/bin/../lib/gcc/arm-none-eabi/10.2.0/../../../../arm-none-eabi/lib/armv6k/fpu/libg.a(lib_a-findfp.o)
                0x00000000001102e8                __sfp
 .text.__sfp_lock_acquire
                0x000000000011041c        0xc /opt/devkitpro/devkitARM/bin/../lib/gcc/arm-none-eabi/10.2.0/../../../../arm-none-eabi/lib/armv6k/fpu/libg.a(lib_a-findfp.o)
                0x000000000011041c                __sfp_lock_acquire
 .text.__sfp_lock_release
                0x0000000000110428        0xc /opt/devkitpro/devkitARM/bin/../lib/gcc/arm-none-eabi/10.2.0/../../../../arm-none-eabi/lib/armv6k/fpu/libg.a(lib_a-findfp.o)
                0x0000000000110428                __sfp_lock_release
 .text.__libc_fini_array
                0x0000000000110434       0x3c /opt/devkitpro/devkitARM/bin/../lib/gcc/arm-none-eabi/10.2.0/../../../../arm-none-eabi/lib/armv6k/fpu/libg.a(lib_a-fini.o)
                0x0000000000110434                __libc_fini_array
 .text._fopen_r
                0x0000000000110470      0x140 /opt/devkitpro/devkitARM/bin/../lib/gcc/arm-none-eabi/10.2.0/../../../../arm-none-eabi/lib/armv6k/fpu/libg.a(lib_a-fopen.o)
                0x0000000000110470                _fopen_r
 .text.fopen    0x00000000001105b0       0x28 /opt/devkitpro/devkitARM/bin/../lib/gcc/arm-none-eabi/10.2.0/../../../../arm-none-eabi/lib/armv6k/fpu/libg.a(lib_a-fopen.o)
                0x00000000001105b0                fopen
 .text._fread_r
                0x00000000001105d8      0x2d0 /opt/devkitpro/devkitARM/bin/../lib/gcc/arm-none-eabi/10.2.0/../../../../arm-none-eabi/lib/armv6k/fpu/libg.a(lib_a-fread.o)
                0x00000000001105d8                _fread_r
 .text.fread    0x00000000001108a8       0x38 /opt/devkitpro/devkitARM/bin/../lib/gcc/arm-none-eabi/10.2.0/../../../../arm-none-eabi/lib/armv6k/fpu/libg.a(lib_a-fread.o)
                0x00000000001108a8                fread
 .text._malloc_trim_r
                0x00000000001108e0       0xf8 /opt/devkitpro/devkitARM/bin/../lib/gcc/arm-none-eabi/10.2.0/../../../../arm-none-eabi/lib/armv6k/fpu/libg.a(lib_a-freer.o)
                0x00000000001108e0                _malloc_trim_r
 .text._free_r  0x00000000001109d8      0x2e4 /opt/devkitpro/devkitARM/bin/../lib/gcc/arm-none-eabi/10.2.0/../../../../arm-none-eabi/lib/armv6k/fpu/libg.a(lib_a-freer.o)
                0x00000000001109d8                _free_r
 .text._fseek_r
                0x0000000000110cbc       0x1c /opt/devkitpro/devkitARM/bin/../lib/gcc/arm-none-eabi/10.2.0/../../../../arm-none-eabi/lib/armv6k/fpu/libg.a(lib_a-fseek.o)
                0x0000000000110cbc                _fseek_r
 .text._fseeko_r
                0x0000000000110cd8      0x4f8 /opt/devkitpro/devkitARM/bin/../lib/gcc/arm-none-eabi/10.2.0/../../../../arm-none-eabi/lib/armv6k/fpu/libg.a(lib_a-fseeko.o)
                0x0000000000110cd8                _fseeko_r
 .text._ftello_r
                0x00000000001111d0      0x1bc /opt/devkitpro/devkitARM/bin/../lib/gcc/arm-none-eabi/10.2.0/../../../../arm-none-eabi/lib/armv6k/fpu/libg.a(lib_a-ftello.o)
                0x00000000001111d0                _ftello_r
 .text._fwalk   0x000000000011138c       0x68 /opt/devkitpro/devkitARM/bin/../lib/gcc/arm-none-eabi/10.2.0/../../../../arm-none-eabi/lib/armv6k/fpu/libg.a(lib_a-fwalk.o)
                0x000000000011138c                _fwalk
 .text._fwalk_reent
                0x00000000001113f4       0x70 /opt/devkitpro/devkitARM/bin/../lib/gcc/arm-none-eabi/10.2.0/../../../../arm-none-eabi/lib/armv6k/fpu/libg.a(lib_a-fwalk.o)
                0x00000000001113f4                _fwalk_reent
 .text.__libc_init_array
                0x0000000000111464       0x7c /opt/devkitpro/devkitARM/bin/../lib/gcc/arm-none-eabi/10.2.0/../../../../arm-none-eabi/lib/armv6k/fpu/libg.a(lib_a-init.o)
                0x0000000000111464                __libc_init_array
 .text.__smakebuf_r
                0x00000000001114e0      0x138 /opt/devkitpro/devkitARM/bin/../lib/gcc/arm-none-eabi/10.2.0/../../../../arm-none-eabi/lib/armv6k/fpu/libg.a(lib_a-makebuf.o)
                0x00000000001114e0                __smakebuf_r
 .text.memalign
                0x0000000000111618       0x28 /opt/devkitpro/devkitARM/bin/../lib/gcc/arm-none-eabi/10.2.0/../../../../arm-none-eabi/lib/armv6k/fpu/libg.a(lib_a-malign.o)
                0x0000000000111618                memalign
 .text._memalign_r
                0x0000000000111640      0x148 /opt/devkitpro/devkitARM/bin/../lib/gcc/arm-none-eabi/10.2.0/../../../../arm-none-eabi/lib/armv6k/fpu/libg.a(lib_a-malignr.o)
                0x0000000000111640                _memalign_r
 .text.malloc   0x0000000000111788       0x20 /opt/devkitpro/devkitARM/bin/../lib/gcc/arm-none-eabi/10.2.0/../../../../arm-none-eabi/lib/armv6k/fpu/libg.a(lib_a-malloc.o)
                0x0000000000111788                malloc
 .text.free     0x00000000001117a8       0x20 /opt/devkitpro/devkitARM/bin/../lib/gcc/arm-none-eabi/10.2.0/../../../../arm-none-eabi/lib/armv6k/fpu/libg.a(lib_a-malloc.o)
                0x00000000001117a8                free
 .text._malloc_r
                0x00000000001117c8      0x7f0 /opt/devkitpro/devkitARM/bin/../lib/gcc/arm-none-eabi/10.2.0/../../../../arm-none-eabi/lib/armv6k/fpu/libg.a(lib_a-mallocr.o)
                0x00000000001117c8                _malloc_r
 .text.memcmp   0x0000000000111fb8       0xa8 /opt/devkitpro/devkitARM/bin/../lib/gcc/arm-none-eabi/10.2.0/../../../../arm-none-eabi/lib/armv6k/fpu/libg.a(lib_a-memcmp.o)
                0x0000000000111fb8                memcmp
 .text.memcpy   0x0000000000112060      0x11c /opt/devkitpro/devkitARM/bin/../lib/gcc/arm-none-eabi/10.2.0/../../../../arm-none-eabi/lib/armv6k/fpu/libg.a(lib_a-memcpy-stub.o)
                0x0000000000112060                memcpy
 .text.memset   0x000000000011217c      0x118 /opt/devkitpro/devkitARM/bin/../lib/gcc/arm-none-eabi/10.2.0/../../../../arm-none-eabi/lib/armv6k/fpu/libg.a(lib_a-memset.o)
                0x000000000011217c                memset
 .text.__malloc_lock
                0x0000000000112294        0xc /opt/devkitpro/devkitARM/bin/../lib/gcc/arm-none-eabi/10.2.0/../../../../arm-none-eabi/lib/armv6k/fpu/libg.a(lib_a-mlock.o)
                0x0000000000112294                __malloc_lock
 .text.__malloc_unlock
                0x00000000001122a0        0xc /opt/devkitpro/devkitARM/bin/../lib/gcc/arm-none-eabi/10.2.0/../../../../arm-none-eabi/lib/armv6k/fpu/libg.a(lib_a-mlock.o)
                0x00000000001122a0                __malloc_unlock
 .text.srand    0x00000000001122ac       0x1c /opt/devkitpro/devkitARM/bin/../lib/gcc/arm-none-eabi/10.2.0/../../../../arm-none-eabi/lib/armv6k/fpu/libg.a(lib_a-rand.o)
                0x00000000001122ac                srand
 .text.rand     0x00000000001122c8       0x44 /opt/devkitpro/devkitARM/bin/../lib/gcc/arm-none-eabi/10.2.0/../../../../arm-none-eabi/lib/armv6k/fpu/libg.a(lib_a-rand.o)
                0x00000000001122c8                rand
 .text.lflush   0x000000000011230c       0x1c /opt/devkitpro/devkitARM/bin/../lib/gcc/arm-none-eabi/10.2.0/../../../../arm-none-eabi/lib/armv6k/fpu/libg.a(lib_a-refill.o)
 .text.__srefill_r
                0x0000000000112328      0x1ac /opt/devkitpro/devkitARM/bin/../lib/gcc/arm-none-eabi/10.2.0/../../../../arm-none-eabi/lib/armv6k/fpu/libg.a(lib_a-refill.o)
                0x0000000000112328                __srefill_r
 .text.__sread  0x00000000001124d4       0x44 /opt/devkitpro/devkitARM/bin/../lib/gcc/arm-none-eabi/10.2.0/../../../../arm-none-eabi/lib/armv6k/fpu/libg.a(lib_a-stdio.o)
                0x00000000001124d4                __sread
 .text.__swrite
                0x0000000000112518       0x68 /opt/devkitpro/devkitARM/bin/../lib/gcc/arm-none-eabi/10.2.0/../../../../arm-none-eabi/lib/armv6k/fpu/libg.a(lib_a-stdio.o)
                0x0000000000112518                __swrite
 .text.__sseek  0x0000000000112580       0x48 /opt/devkitpro/devkitARM/bin/../lib/gcc/arm-none-eabi/10.2.0/../../../../arm-none-eabi/lib/armv6k/fpu/libg.a(lib_a-stdio.o)
                0x0000000000112580                __sseek
 .text.__sclose
                0x00000000001125c8        0x8 /opt/devkitpro/devkitARM/bin/../lib/gcc/arm-none-eabi/10.2.0/../../../../arm-none-eabi/lib/armv6k/fpu/libg.a(lib_a-stdio.o)
                0x00000000001125c8                __sclose
 .text.strchr   0x00000000001125d0      0x144 /opt/devkitpro/devkitARM/bin/../lib/gcc/arm-none-eabi/10.2.0/../../../../arm-none-eabi/lib/armv6k/fpu/libg.a(lib_a-strchr.o)
                0x00000000001125d0                strchr
 .text.strlen   0x0000000000112714       0x5c /opt/devkitpro/devkitARM/bin/../lib/gcc/arm-none-eabi/10.2.0/../../../../arm-none-eabi/lib/armv6k/fpu/libg.a(lib_a-strlen-stub.o)
                0x0000000000112714                strlen
 .text.strncat  0x0000000000112770       0xec /opt/devkitpro/devkitARM/bin/../lib/gcc/arm-none-eabi/10.2.0/../../../../arm-none-eabi/lib/armv6k/fpu/libg.a(lib_a-strncat.o)
                0x0000000000112770                strncat
 .text.strncmp  0x000000000011285c       0xdc /opt/devkitpro/devkitARM/bin/../lib/gcc/arm-none-eabi/10.2.0/../../../../arm-none-eabi/lib/armv6k/fpu/libg.a(lib_a-strncmp.o)
                0x000000000011285c                strncmp
 .text.strncpy  0x0000000000112938       0xc0 /opt/devkitpro/devkitARM/bin/../lib/gcc/arm-none-eabi/10.2.0/../../../../arm-none-eabi/lib/armv6k/fpu/libg.a(lib_a-strncpy.o)
                0x0000000000112938                strncpy
 .text.strnlen  0x00000000001129f8       0x48 /opt/devkitpro/devkitARM/bin/../lib/gcc/arm-none-eabi/10.2.0/../../../../arm-none-eabi/lib/armv6k/fpu/libg.a(lib_a-strnlen.o)
                0x00000000001129f8                strnlen
 .text.time     0x0000000000112a40       0x3c /opt/devkitpro/devkitARM/bin/../lib/gcc/arm-none-eabi/10.2.0/../../../../arm-none-eabi/lib/armv6k/fpu/libg.a(lib_a-time.o)
                0x0000000000112a40                time
 .text.__call_exitprocs
                0x0000000000112a7c      0x114 /opt/devkitpro/devkitARM/bin/../lib/gcc/arm-none-eabi/10.2.0/../../../../arm-none-eabi/lib/armv6k/fpu/libg.a(lib_a-__call_atexit.o)
                0x0000000000112a7c                __call_exitprocs
 .text.__sflags
                0x0000000000112b90       0xc8 /opt/devkitpro/devkitARM/bin/../lib/gcc/arm-none-eabi/10.2.0/../../../../arm-none-eabi/lib/armv6k/fpu/libg.a(lib_a-flags.o)
                0x0000000000112b90                __sflags
 .text.null_write
                0x0000000000112c58        0x8 /opt/devkitpro/devkitARM/bin/../lib/gcc/arm-none-eabi/10.2.0/../../../../arm-none-eabi/lib/armv6k/fpu/libsysbase.a(iosupport.o)
 .text.setDefaultDevice
                0x0000000000112c60       0x18 /opt/devkitpro/devkitARM/bin/../lib/gcc/arm-none-eabi/10.2.0/../../../../arm-none-eabi/lib/armv6k/fpu/libsysbase.a(iosupport.o)
                0x0000000000112c60                setDefaultDevice
 .text.FindDevice
                0x0000000000112c78       0xc8 /opt/devkitpro/devkitARM/bin/../lib/gcc/arm-none-eabi/10.2.0/../../../../arm-none-eabi/lib/armv6k/fpu/libsysbase.a(iosupport.o)
                0x0000000000112c78                FindDevice
 .text.RemoveDevice
                0x0000000000112d40       0x28 /opt/devkitpro/devkitARM/bin/../lib/gcc/arm-none-eabi/10.2.0/../../../../arm-none-eabi/lib/armv6k/fpu/libsysbase.a(iosupport.o)
                0x0000000000112d40                RemoveDevice
 .text.AddDevice
                0x0000000000112d68       0x9c /opt/devkitpro/devkitARM/bin/../lib/gcc/arm-none-eabi/10.2.0/../../../../arm-none-eabi/lib/armv6k/fpu/libsysbase.a(iosupport.o)
                0x0000000000112d68                AddDevice
 .text.GetDeviceOpTab
                0x0000000000112e04       0x20 /opt/devkitpro/devkitARM/bin/../lib/gcc/arm-none-eabi/10.2.0/../../../../arm-none-eabi/lib/armv6k/fpu/libsysbase.a(iosupport.o)
                0x0000000000112e04                GetDeviceOpTab
 .text._fstat_r
                0x0000000000112e24       0x78 /opt/devkitpro/devkitARM/bin/../lib/gcc/arm-none-eabi/10.2.0/../../../../arm-none-eabi/lib/armv6k/fpu/libsysbase.a(fstat.o)
                0x0000000000112e24                _fstat_r
 .text._gettimeofday_r
                0x0000000000112e9c       0x38 /opt/devkitpro/devkitARM/bin/../lib/gcc/arm-none-eabi/10.2.0/../../../../arm-none-eabi/lib/armv6k/fpu/libsysbase.a(gettod.o)
                0x0000000000112e9c                _gettimeofday_r
 .text._isatty_r
                0x0000000000112ed4        0x8 /opt/devkitpro/devkitARM/bin/../lib/gcc/arm-none-eabi/10.2.0/../../../../arm-none-eabi/lib/armv6k/fpu/libsysbase.a(isatty.o)
                0x0000000000112ed4                _isatty_r
 .text._lseek_r
                0x0000000000112edc       0x84 /opt/devkitpro/devkitARM/bin/../lib/gcc/arm-none-eabi/10.2.0/../../../../arm-none-eabi/lib/armv6k/fpu/libsysbase.a(lseek.o)
                0x0000000000112edc                _lseek_r
 .text._open_r  0x0000000000112f60       0xc8 /opt/devkitpro/devkitARM/bin/../lib/gcc/arm-none-eabi/10.2.0/../../../../arm-none-eabi/lib/armv6k/fpu/libsysbase.a(open.o)
                0x0000000000112f60                _open_r
 .text._read_r  0x0000000000113028       0x80 /opt/devkitpro/devkitARM/bin/../lib/gcc/arm-none-eabi/10.2.0/../../../../arm-none-eabi/lib/armv6k/fpu/libsysbase.a(read.o)
                0x0000000000113028                _read_r
 .text._sbrk_r  0x00000000001130a8       0x78 /opt/devkitpro/devkitARM/bin/../lib/gcc/arm-none-eabi/10.2.0/../../../../arm-none-eabi/lib/armv6k/fpu/libsysbase.a(sbrk.o)
                0x00000000001130a8                _sbrk_r
 .text._write_r
                0x0000000000113120       0x80 /opt/devkitpro/devkitARM/bin/../lib/gcc/arm-none-eabi/10.2.0/../../../../arm-none-eabi/lib/armv6k/fpu/libsysbase.a(write.o)
                0x0000000000113120                _write_r
 .text._exit    0x00000000001131a0       0x24 /opt/devkitpro/devkitARM/bin/../lib/gcc/arm-none-eabi/10.2.0/../../../../arm-none-eabi/lib/armv6k/fpu/libsysbase.a(_exit.o)
                0x00000000001131a0                _exit
 .text._concatenate_path
                0x00000000001131c4      0x1b8 /opt/devkitpro/devkitARM/bin/../lib/gcc/arm-none-eabi/10.2.0/../../../../arm-none-eabi/lib/armv6k/fpu/libsysbase.a(chdir.o)
                0x00000000001131c4                _concatenate_path
 .text.chdir    0x000000000011337c      0x160 /opt/devkitpro/devkitARM/bin/../lib/gcc/arm-none-eabi/10.2.0/../../../../arm-none-eabi/lib/armv6k/fpu/libsysbase.a(chdir.o)
                0x000000000011337c                chdir
 .text.__flockfile
                0x00000000001134dc        0x8 /opt/devkitpro/devkitARM/bin/../lib/gcc/arm-none-eabi/10.2.0/../../../../arm-none-eabi/lib/armv6k/fpu/libsysbase.a(flock.o)
                0x00000000001134dc                __flockfile
 .text.__funlockfile
                0x00000000001134e4        0x8 /opt/devkitpro/devkitARM/bin/../lib/gcc/arm-none-eabi/10.2.0/../../../../arm-none-eabi/lib/armv6k/fpu/libsysbase.a(flock.o)
                0x00000000001134e4                __funlockfile
 .text.__libc_lock_acquire
                0x00000000001134ec       0x18 /opt/devkitpro/devkitARM/bin/../lib/gcc/arm-none-eabi/10.2.0/../../../../arm-none-eabi/lib/armv6k/fpu/libsysbase.a(syscall_support.o)
                0x00000000001134ec                __libc_lock_acquire
 .text.__libc_lock_release
                0x0000000000113504       0x18 /opt/devkitpro/devkitARM/bin/../lib/gcc/arm-none-eabi/10.2.0/../../../../arm-none-eabi/lib/armv6k/fpu/libsysbase.a(syscall_support.o)
                0x0000000000113504                __libc_lock_release
 .text.__libc_lock_init_recursive
                0x000000000011351c       0x18 /opt/devkitpro/devkitARM/bin/../lib/gcc/arm-none-eabi/10.2.0/../../../../arm-none-eabi/lib/armv6k/fpu/libsysbase.a(syscall_support.o)
                0x000000000011351c                __libc_lock_init_recursive
 .text.__libc_lock_acquire_recursive
                0x0000000000113534       0x18 /opt/devkitpro/devkitARM/bin/../lib/gcc/arm-none-eabi/10.2.0/../../../../arm-none-eabi/lib/armv6k/fpu/libsysbase.a(syscall_support.o)
                0x0000000000113534                __libc_lock_acquire_recursive
 .text.__libc_lock_release_recursive
                0x000000000011354c       0x18 /opt/devkitpro/devkitARM/bin/../lib/gcc/arm-none-eabi/10.2.0/../../../../arm-none-eabi/lib/armv6k/fpu/libsysbase.a(syscall_support.o)
                0x000000000011354c                __libc_lock_release_recursive
 .text.__libc_lock_close_recursive
                0x0000000000113564       0x18 /opt/devkitpro/devkitARM/bin/../lib/gcc/arm-none-eabi/10.2.0/../../../../arm-none-eabi/lib/armv6k/fpu/libsysbase.a(syscall_support.o)
                0x0000000000113564                __libc_lock_close_recursive
 .text.__release_handle
                0x000000000011357c       0x8c /opt/devkitpro/devkitARM/bin/../lib/gcc/arm-none-eabi/10.2.0/../../../../arm-none-eabi/lib/armv6k/fpu/libsysbase.a(handle_manager.o)
                0x000000000011357c                __release_handle
 .text.__alloc_handle
                0x0000000000113608       0xb4 /opt/devkitpro/devkitARM/bin/../lib/gcc/arm-none-eabi/10.2.0/../../../../arm-none-eabi/lib/armv6k/fpu/libsysbase.a(handle_manager.o)
                0x0000000000113608                __alloc_handle
 .text.__get_handle
                0x00000000001136bc       0x3c /opt/devkitpro/devkitARM/bin/../lib/gcc/arm-none-eabi/10.2.0/../../../../arm-none-eabi/lib/armv6k/fpu/libsysbase.a(handle_manager.o)
                0x00000000001136bc                __get_handle
 .text._close_r
                0x00000000001136f8       0xf4 /opt/devkitpro/devkitARM/bin/../lib/gcc/arm-none-eabi/10.2.0/../../../../arm-none-eabi/lib/armv6k/fpu/libsysbase.a(handle_manager.o)
                0x00000000001136f8                _close_r
 .text.__getreent
                0x00000000001137ec       0x28 /opt/devkitpro/devkitARM/bin/../lib/gcc/arm-none-eabi/10.2.0/../../../../arm-none-eabi/lib/armv6k/fpu/libsysbase.a(getreent.o)
                0x00000000001137ec                __getreent
 .text.strrchr  0x0000000000113814       0x44 /opt/devkitpro/devkitARM/bin/../lib/gcc/arm-none-eabi/10.2.0/../../../../arm-none-eabi/lib/armv6k/fpu/libg.a(lib_a-strrchr.o)
                0x0000000000113814                strrchr
 *(.glue_7)
 .glue_7        0x0000000000113858        0x0 linker stubs
 *(.glue_7t)
 .glue_7t       0x0000000000113858        0x0 linker stubs
 *(.stub)
 *(.gnu.warning)
 *(.gnu.linkonce.t*)
                0x0000000000113858                . = ALIGN (0x4)
 *(.fini)
 .fini          0x0000000000113858        0xc /opt/devkitpro/devkitARM/bin/../lib/gcc/arm-none-eabi/10.2.0/armv6k/fpu/crti.o
                0x0000000000113858                _fini
 .fini          0x0000000000113864        0xc /opt/devkitpro/devkitARM/bin/../lib/gcc/arm-none-eabi/10.2.0/armv6k/fpu/crtn.o
                0x0000000000113870                . = ALIGN (0x4)

.vfp11_veneer   0x0000000000113870        0x0
 .vfp11_veneer  0x0000000000113870        0x0 linker stubs

.v4_bx          0x0000000000113870        0x0
 .v4_bx         0x0000000000113870        0x0 linker stubs

.iplt           0x0000000000113870        0x0
 .iplt          0x0000000000113870        0x0 /opt/devkitpro/devkitARM/bin/../lib/gcc/arm-none-eabi/10.2.0/../../../../arm-none-eabi/lib/armv6k/fpu/3dsx_crt0.o
                0x0000000000114000                . = ALIGN (0x1000)

.rodata         0x0000000000114000      0x53c
 *(.rodata)
 .rodata        0x0000000000114000        0xc /opt/devkitpro/libctru/lib/libctru.a(romfs_dev.o)
 .rodata        0x000000000011400c        0x3 /opt/devkitpro/libctru/lib/libctru.a(apt.o)
 *fill*         0x000000000011400f        0x1 
 .rodata        0x0000000000114010        0xc /opt/devkitpro/libctru/lib/libctru.a(archive_dev.o)
 *(.roda)
 *(.rodata.*)
 .rodata.str1.4
                0x000000000011401c       0x22 main.o
 *fill*         0x000000000011403e        0x2 
 .rodata.C2D_Init.str1.4
                0x0000000000114040       0x10 /opt/devkitpro/libctru/lib/libcitro2d.a(base.o)
 .rodata.render2d_shbin
                0x0000000000114050      0x190 /opt/devkitpro/libctru/lib/libcitro2d.a(render2d.shbin.o)
                0x0000000000114050                render2d_shbin
                0x00000000001141dc                render2d_shbin_size
                0x00000000001141dc                render2d_shbin_end
 .rodata.colorFmtSizes
                0x00000000001141e0        0x5 /opt/devkitpro/libctru/lib/libcitro3d.a(framebuffer.o)
 *fill*         0x00000000001141e5        0x3 
 .rodata.depthFmtSizes
                0x00000000001141e8        0x4 /opt/devkitpro/libctru/lib/libcitro3d.a(framebuffer.o)
 .rodata.CSWTCH.9
                0x00000000001141ec       0x10 /opt/devkitpro/libctru/lib/libcitro3d.a(proctex.o)
 .rodata.str1.4
                0x00000000001141fc       0x10 /opt/devkitpro/libctru/lib/libctru.a(romfs_dev.o)
                                          0x1 (size before relaxing)
 .rodata.romfs_dirnext.str1.4
                0x00000000001141fc        0x7 /opt/devkitpro/libctru/lib/libctru.a(romfs_dev.o)
 *fill*         0x0000000000114203        0x1 
 .rodata.romfsMountSelf.str1.4
                0x0000000000114204       0x19 /opt/devkitpro/libctru/lib/libctru.a(romfs_dev.o)
 *fill*         0x000000000011421d        0x3 
 .rodata.romFS_devoptab
                0x0000000000114220       0x70 /opt/devkitpro/libctru/lib/libctru.a(romfs_dev.o)
 .rodata.gspInit.str1.4
                0x0000000000114290        0x9 /opt/devkitpro/libctru/lib/libctru.a(gspgpu.o)
 *fill*         0x0000000000114299        0x3 
 .rodata.aptSendCommand.str1.4
                0x000000000011429c       0x16 /opt/devkitpro/libctru/lib/libctru.a(apt.o)
 *fill*         0x00000000001142b2        0x2 
 .rodata.morton_x.3
                0x00000000001142b4        0x8 /opt/devkitpro/libctru/lib/libctru.a(apt.o)
 .rodata.morton_y.2
                0x00000000001142bc        0x8 /opt/devkitpro/libctru/lib/libctru.a(apt.o)
 .rodata.s_sleepWakeEvents.4
                0x00000000001142c4        0x8 /opt/devkitpro/libctru/lib/libctru.a(apt.o)
 .rodata.hidInit.str1.4
                0x00000000001142cc       0x15 /opt/devkitpro/libctru/lib/libctru.a(hid.o)
 *fill*         0x00000000001142e1        0x3 
 .rodata.ptmSysmInit.str1.4
                0x00000000001142e4        0x9 /opt/devkitpro/libctru/lib/libctru.a(ptmsysm.o)
 *fill*         0x00000000001142ed        0x3 
 .rodata.fsInit.str1.4
                0x00000000001142f0        0x8 /opt/devkitpro/libctru/lib/libctru.a(fs.o)
 .rodata.srvInit.str1.4
                0x00000000001142f8        0x5 /opt/devkitpro/libctru/lib/libctru.a(srv.o)
 *fill*         0x00000000001142fd        0x3 
 .rodata.irrstInit.str1.4
                0x0000000000114300        0x7 /opt/devkitpro/libctru/lib/libctru.a(irrst.o)
 *fill*         0x0000000000114307        0x1 
 .rodata.str1.4
                0x0000000000114308        0x8 /opt/devkitpro/libctru/lib/libctru.a(archive_dev.o)
                                          0xc (size before relaxing)
 .rodata._archiveUnmountDeviceStruct.part.0.str1.4
                0x0000000000114310        0x2 /opt/devkitpro/libctru/lib/libctru.a(archive_dev.o)
 *fill*         0x0000000000114312        0x2 
 .rodata._archiveMountDevice.str1.4
                0x0000000000114314        0x8 /opt/devkitpro/libctru/lib/libctru.a(archive_dev.o)
 .rodata.archiveMountSdmc.str1.4
                0x000000000011431c        0x5 /opt/devkitpro/libctru/lib/libctru.a(archive_dev.o)
 *fill*         0x0000000000114321        0x3 
 .rodata.archive_devoptab
                0x0000000000114324       0x70 /opt/devkitpro/libctru/lib/libctru.a(archive_dev.o)
 .rodata.error_table
                0x0000000000114394       0x30 /opt/devkitpro/libctru/lib/libctru.a(archive_dev.o)
 .rodata._global_impure_ptr
                0x00000000001143c4        0x4 /opt/devkitpro/devkitARM/bin/../lib/gcc/arm-none-eabi/10.2.0/../../../../arm-none-eabi/lib/armv6k/fpu/libg.a(lib_a-impure.o)
                0x00000000001143c4                _global_impure_ptr
 .rodata.AddDevice.str1.4
                0x00000000001143c8        0x8 /opt/devkitpro/devkitARM/bin/../lib/gcc/arm-none-eabi/10.2.0/../../../../arm-none-eabi/lib/armv6k/fpu/libsysbase.a(iosupport.o)
 .rodata.dotab_stdnull
                0x00000000001143c8       0x70 /opt/devkitpro/devkitARM/bin/../lib/gcc/arm-none-eabi/10.2.0/../../../../arm-none-eabi/lib/armv6k/fpu/libsysbase.a(iosupport.o)
                0x00000000001143c8                dotab_stdnull
 .rodata._ctype_
                0x0000000000114438      0x101 /opt/devkitpro/devkitARM/bin/../lib/gcc/arm-none-eabi/10.2.0/../../../../arm-none-eabi/lib/armv6k/fpu/libg.a(lib_a-ctype_.o)
                0x0000000000114438                _ctype_
 *all.rodata*(*)
 *(.gnu.linkonce.r*)
                0x000000000011453c                . = ALIGN (0x4)
 *fill*         0x0000000000114539        0x3 

.eh_frame       0x000000000011453c        0x0
 .eh_frame      0x000000000011453c        0x0 /opt/devkitpro/devkitARM/bin/../lib/gcc/arm-none-eabi/10.2.0/armv6k/fpu/crtbegin.o

.rel.dyn        0x000000000011453c        0x0
 .rel.iplt      0x000000000011453c        0x0 /opt/devkitpro/devkitARM/bin/../lib/gcc/arm-none-eabi/10.2.0/../../../../arm-none-eabi/lib/armv6k/fpu/3dsx_crt0.o
 .rel.got       0x000000000011453c        0x0 /opt/devkitpro/devkitARM/bin/../lib/gcc/arm-none-eabi/10.2.0/../../../../arm-none-eabi/lib/armv6k/fpu/3dsx_crt0.o

.ARM.extab
 *(.ARM.extab* .gnu.linkonce.armextab.*)
                0x000000000011453c                __exidx_start = .

ARM.exidx
 *(.ARM.exidx* .gnu.linkonce.armexidx.*)
                0x000000000011453c                __exidx_end = .
                0x0000000000115000                . = ALIGN (0x1000)

.data           0x0000000000115000     0x1d80
 *(.data)
 *(.data.*)
 .data.framerate
                0x0000000000115000        0x4 /opt/devkitpro/libctru/lib/libcitro3d.a(renderqueue.o)
 .data.framerateCounter
                0x0000000000115004        0x8 /opt/devkitpro/libctru/lib/libcitro3d.a(renderqueue.o)
 .data.queueLock
                0x000000000011500c        0x4 /opt/devkitpro/libctru/lib/libctru.a(gxqueue.o)
 .data.kCount   0x0000000000115010        0x4 /opt/devkitpro/libctru/lib/libctru.a(hid.o)
 .data.kDelay   0x0000000000115014        0x4 /opt/devkitpro/libctru/lib/libctru.a(hid.o)
 .data.kInterval
                0x0000000000115018        0x4 /opt/devkitpro/libctru/lib/libctru.a(hid.o)
 .data.__stacksize__
                0x000000000011501c        0x4 /opt/devkitpro/libctru/lib/libctru.a(stack_adjust.o)
                0x000000000011501c                __stacksize__
 .data.__sfp_recursive_mutex
                0x0000000000115020        0xc /opt/devkitpro/devkitARM/bin/../lib/gcc/arm-none-eabi/10.2.0/../../../../arm-none-eabi/lib/armv6k/fpu/libg.a(lib_a-findfp.o)
 .data.__sinit_recursive_mutex
                0x000000000011502c        0xc /opt/devkitpro/devkitARM/bin/../lib/gcc/arm-none-eabi/10.2.0/../../../../arm-none-eabi/lib/armv6k/fpu/libg.a(lib_a-findfp.o)
 .data._impure_ptr
                0x0000000000115038        0x4 /opt/devkitpro/devkitARM/bin/../lib/gcc/arm-none-eabi/10.2.0/../../../../arm-none-eabi/lib/armv6k/fpu/libg.a(lib_a-impure.o)
                0x0000000000115038                _impure_ptr
 *fill*         0x000000000011503c        0x4 
 .data.impure_data
                0x0000000000115040      0x460 /opt/devkitpro/devkitARM/bin/../lib/gcc/arm-none-eabi/10.2.0/../../../../arm-none-eabi/lib/armv6k/fpu/libg.a(lib_a-impure.o)
 .data.__malloc_av_
                0x00000000001154a0      0x408 /opt/devkitpro/devkitARM/bin/../lib/gcc/arm-none-eabi/10.2.0/../../../../arm-none-eabi/lib/armv6k/fpu/libg.a(lib_a-mallocr.o)
                0x00000000001154a0                __malloc_av_
 .data.__malloc_sbrk_base
                0x00000000001158a8        0x4 /opt/devkitpro/devkitARM/bin/../lib/gcc/arm-none-eabi/10.2.0/../../../../arm-none-eabi/lib/armv6k/fpu/libg.a(lib_a-mallocr.o)
                0x00000000001158a8                __malloc_sbrk_base
 .data.__malloc_trim_threshold
                0x00000000001158ac        0x4 /opt/devkitpro/devkitARM/bin/../lib/gcc/arm-none-eabi/10.2.0/../../../../arm-none-eabi/lib/armv6k/fpu/libg.a(lib_a-mallocr.o)
                0x00000000001158ac                __malloc_trim_threshold
 .data.__malloc_recursive_mutex
                0x00000000001158b0        0xc /opt/devkitpro/devkitARM/bin/../lib/gcc/arm-none-eabi/10.2.0/../../../../arm-none-eabi/lib/armv6k/fpu/libg.a(lib_a-mlock.o)
 .data.__atexit_recursive_mutex